Archive member included to satisfy reference by file (symbol)

/Applications/CrossWorks for ARM 3.7/lib/libc_v7em_fpv4_sp_d16_hard_t_le_eabi.a(libc_asm.o)
                              avianFreeRTOSPaho THUMB Debug/ff_ramdisk.o (__aeabi_uldivmod)
/Applications/CrossWorks for ARM 3.7/lib/libc_v7em_fpv4_sp_d16_hard_t_le_eabi.a(libc2.o)
                              avianFreeRTOSPaho THUMB Debug/ff_dir.o (memcmp)
/Applications/CrossWorks for ARM 3.7/lib/libc_v7em_fpv4_sp_d16_hard_t_le_eabi.a(libc2_asm.o)
                              avianFreeRTOSPaho THUMB Debug/queue.o (memcpy)
/Applications/CrossWorks for ARM 3.7/lib/libm_v7em_fpv4_sp_d16_hard_t_le_eabi.a(libm_asm.o)
                              /Applications/CrossWorks for ARM 3.7/lib/libc_v7em_fpv4_sp_d16_hard_t_le_eabi.a(libc2.o) (__aeabi_i2d)
/Applications/CrossWorks for ARM 3.7/lib/libm_v7em_fpv4_sp_d16_hard_t_le_eabi.a(libm2.o)
                              /Applications/CrossWorks for ARM 3.7/lib/libvfprintf_v7em_fpv4_sp_d16_hard_t_le_eabi.o (frexp)
/Applications/CrossWorks for ARM 3.7/lib/libm_v7em_fpv4_sp_d16_hard_t_le_eabi.a(libm2_asm.o)
                              /Applications/CrossWorks for ARM 3.7/lib/libm_v7em_fpv4_sp_d16_hard_t_le_eabi.a(libm2.o) (fabs)

Discarded input sections

 .group         0x00000000        0x8 avianFreeRTOSPaho THUMB Debug/croutine.o
 .group         0x00000000        0x8 avianFreeRTOSPaho THUMB Debug/croutine.o
 .group         0x00000000        0x8 avianFreeRTOSPaho THUMB Debug/croutine.o
 .group         0x00000000        0x8 avianFreeRTOSPaho THUMB Debug/croutine.o
 .group         0x00000000        0x8 avianFreeRTOSPaho THUMB Debug/croutine.o
 .group         0x00000000        0x8 avianFreeRTOSPaho THUMB Debug/croutine.o
 .group         0x00000000        0x8 avianFreeRTOSPaho THUMB Debug/croutine.o
 .group         0x00000000        0x8 avianFreeRTOSPaho THUMB Debug/croutine.o
 .group         0x00000000        0x8 avianFreeRTOSPaho THUMB Debug/croutine.o
 .group         0x00000000        0x8 avianFreeRTOSPaho THUMB Debug/croutine.o
 .group         0x00000000        0x8 avianFreeRTOSPaho THUMB Debug/croutine.o
 .group         0x00000000        0x8 avianFreeRTOSPaho THUMB Debug/croutine.o
 .group         0x00000000        0x8 avianFreeRTOSPaho THUMB Debug/croutine.o
 .text          0x00000000        0x0 avianFreeRTOSPaho THUMB Debug/croutine.o
 .data          0x00000000        0x0 avianFreeRTOSPaho THUMB Debug/croutine.o
 .bss           0x00000000        0x0 avianFreeRTOSPaho THUMB Debug/croutine.o
 .debug_info    0x00000000       0x76 avianFreeRTOSPaho THUMB Debug/croutine.o
 .debug_abbrev  0x00000000       0x2c avianFreeRTOSPaho THUMB Debug/croutine.o
 .debug_pubnames
                0x00000000       0x12 avianFreeRTOSPaho THUMB Debug/croutine.o
 .debug_pubtypes
                0x00000000       0xd8 avianFreeRTOSPaho THUMB Debug/croutine.o
 .debug_aranges
                0x00000000       0x18 avianFreeRTOSPaho THUMB Debug/croutine.o
 .debug_macro   0x00000000       0xaa avianFreeRTOSPaho THUMB Debug/croutine.o
 .debug_macro   0x00000000      0x8bc avianFreeRTOSPaho THUMB Debug/croutine.o
 .debug_macro   0x00000000       0x89 avianFreeRTOSPaho THUMB Debug/croutine.o
 .debug_macro   0x00000000       0x1c avianFreeRTOSPaho THUMB Debug/croutine.o
 .debug_macro   0x00000000      0x188 avianFreeRTOSPaho THUMB Debug/croutine.o
 .debug_macro   0x00000000      0x2a0 avianFreeRTOSPaho THUMB Debug/croutine.o
 .debug_macro   0x00000000      0x168 avianFreeRTOSPaho THUMB Debug/croutine.o
 .debug_macro   0x00000000       0xe4 avianFreeRTOSPaho THUMB Debug/croutine.o
 .debug_macro   0x00000000       0x10 avianFreeRTOSPaho THUMB Debug/croutine.o
 .debug_macro   0x00000000       0x1f avianFreeRTOSPaho THUMB Debug/croutine.o
 .debug_macro   0x00000000      0x3a6 avianFreeRTOSPaho THUMB Debug/croutine.o
 .debug_macro   0x00000000       0xc0 avianFreeRTOSPaho THUMB Debug/croutine.o
 .debug_macro   0x00000000       0x8c avianFreeRTOSPaho THUMB Debug/croutine.o
 .debug_macro   0x00000000       0x43 avianFreeRTOSPaho THUMB Debug/croutine.o
 .debug_line    0x00000000      0x15e avianFreeRTOSPaho THUMB Debug/croutine.o
 .debug_str     0x00000000     0x6fd0 avianFreeRTOSPaho THUMB Debug/croutine.o
 .comment       0x00000000       0x4d avianFreeRTOSPaho THUMB Debug/croutine.o
 .ARM.attributes
                0x00000000       0x39 avianFreeRTOSPaho THUMB Debug/croutine.o
 .group         0x00000000        0x8 avianFreeRTOSPaho THUMB Debug/event_groups.o
 .group         0x00000000        0x8 avianFreeRTOSPaho THUMB Debug/event_groups.o
 .group         0x00000000        0x8 avianFreeRTOSPaho THUMB Debug/event_groups.o
 .group         0x00000000        0x8 avianFreeRTOSPaho THUMB Debug/event_groups.o
 .group         0x00000000        0x8 avianFreeRTOSPaho THUMB Debug/event_groups.o
 .group         0x00000000        0x8 avianFreeRTOSPaho THUMB Debug/event_groups.o
 .group         0x00000000        0x8 avianFreeRTOSPaho THUMB Debug/event_groups.o
[...]
Memory Configuration

Name             Origin             Length             Attributes
UNPLACED_SECTIONS 0xffffffff         0x00000000         xw
FLASH            0x08000000         0x00100000         xr
DATA_SRAM        0x10000000         0x00010000         xw
SYSTEM           0x1fff0000         0x00007a10         xw
OPTION           0x1fffc000         0x00000008         xw
RAM              0x20000000         0x00020000         xw
SRAM1            0x20000000         0x0001c000         xw
SRAM2            0x2001c000         0x00004000         xw
APB1             0x40000000         0x00007800         xw
APB2             0x40010000         0x00004c00         xw
AHB1             0x40020000         0x00080000         xw
AHB2             0x50000000         0x00060c00         xw
AHB3             0xa0000000         0x00001000         xw
PCCARD           0x90000000         0x00000000         xw
NAND2            0x80000000         0x00000000         xw
NAND1            0x70000000         0x00000000         xw
NOR_PSRAM4       0x6c000000         0x00000000         xw
NOR_PSRAM3       0x68000000         0x00000000         xw
NOR_PSRAM2       0x64000000         0x00000000         xw
NOR_PSRAM1       0x60000000         0x00000000         xw
PPB              0xe0000000         0x00100000         xw
DBG              0xe0042000         0x00000010         xw
CM3_System_Control_Space 0xe000e000         0x00001000         xw
*default*        0x00000000         0xffffffff

Linker script and memory map

                0x00000000                __vfprintf = __vfprintf_float_long_long
                0x00000000                __vfscanf = __vfscanf_float_long_long_cc
                0x08000000                __FLASH_segment_start__ = 0x8000000
                0x08100000                __FLASH_segment_end__ = 0x8100000
                0x00100000                __FLASH_segment_size__ = 0x100000
                0x10000000                __DATA_SRAM_segment_start__ = 0x10000000
                0x10010000                __DATA_SRAM_segment_end__ = 0x10010000
                0x00010000                __DATA_SRAM_segment_size__ = 0x10000
                0x1fff0000                __SYSTEM_segment_start__ = 0x1fff0000
                0x1fff7a10                __SYSTEM_segment_end__ = 0x1fff7a10
                0x00007a10                __SYSTEM_segment_size__ = 0x7a10
                0x1fffc000                __OPTION_segment_start__ = 0x1fffc000
                0x1fffc008                __OPTION_segment_end__ = 0x1fffc008
                0x00000008                __OPTION_segment_size__ = 0x8
                0x20000000                __RAM_segment_start__ = 0x20000000
                0x20020000                __RAM_segment_end__ = 0x20020000
                0x00020000                __RAM_segment_size__ = 0x20000
                0x20000000                __SRAM1_segment_start__ = 0x20000000
                0x2001c000                __SRAM1_segment_end__ = 0x2001c000
                0x0001c000                __SRAM1_segment_size__ = 0x1c000
                0x2001c000                __SRAM2_segment_start__ = 0x2001c000
                0x20020000                __SRAM2_segment_end__ = 0x20020000
                0x00004000                __SRAM2_segment_size__ = 0x4000
                0x40000000                __APB1_segment_start__ = 0x40000000
                0x40007800                __APB1_segment_end__ = 0x40007800
                0x00007800                __APB1_segment_size__ = 0x7800
                0x40010000                __APB2_segment_start__ = 0x40010000
                0x40014c00                __APB2_segment_end__ = 0x40014c00
                0x00004c00                __APB2_segment_size__ = 0x4c00
                0x40020000                __AHB1_segment_start__ = 0x40020000
                0x400a0000                __AHB1_segment_end__ = 0x400a0000
                0x00080000                __AHB1_segment_size__ = 0x80000
                0x50000000                __AHB2_segment_start__ = 0x50000000
                0x50060c00                __AHB2_segment_end__ = 0x50060c00
                0x00060c00                __AHB2_segment_size__ = 0x60c00
                0xa0000000                __AHB3_segment_start__ = 0xa0000000
                0xa0001000                __AHB3_segment_end__ = 0xa0001000
                0x00001000                __AHB3_segment_size__ = 0x1000
                0x90000000                __PCCARD_segment_start__ = 0x90000000
                0x90000000                __PCCARD_segment_end__ = 0x90000000
                0x00000000                __PCCARD_segment_size__ = 0x0
                0x80000000                __NAND2_segment_start__ = 0x80000000
                0x80000000                __NAND2_segment_end__ = 0x80000000
                0x00000000                __NAND2_segment_size__ = 0x0
                0x70000000                __NAND1_segment_start__ = 0x70000000
                0x70000000                __NAND1_segment_end__ = 0x70000000
                0x00000000                __NAND1_segment_size__ = 0x0
                0x6c000000                __NOR_PSRAM4_segment_start__ = 0x6c000000
                0x6c000000                __NOR_PSRAM4_segment_end__ = 0x6c000000
                0x00000000                __NOR_PSRAM4_segment_size__ = 0x0
                0x68000000                __NOR_PSRAM3_segment_start__ = 0x68000000
                0x68000000                __NOR_PSRAM3_segment_end__ = 0x68000000
                0x00000000                __NOR_PSRAM3_segment_size__ = 0x0
                0x64000000                __NOR_PSRAM2_segment_start__ = 0x64000000
                0x64000000                __NOR_PSRAM2_segment_end__ = 0x64000000
                0x00000000                __NOR_PSRAM2_segment_size__ = 0x0
                0x60000000                __NOR_PSRAM1_segment_start__ = 0x60000000
                0x60000000                __NOR_PSRAM1_segment_end__ = 0x60000000
                0x00000000                __NOR_PSRAM1_segment_size__ = 0x0
                0xe0000000                __PPB_segment_start__ = 0xe0000000
                0xe0100000                __PPB_segment_end__ = 0xe0100000
                0x00100000                __PPB_segment_size__ = 0x100000
                0xe0042000                __DBG_segment_start__ = 0xe0042000
                0xe0042010                __DBG_segment_end__ = 0xe0042010
                0x00000010                __DBG_segment_size__ = 0x10
                0xe000e000                __CM3_System_Control_Space_segment_start__ = 0xe000e000
                0xe000f000                __CM3_System_Control_Space_segment_end__ = 0xe000f000
                0x00001000                __CM3_System_Control_Space_segment_size__ = 0x1000
                0x00000080                __HEAPSIZE__ = 0x80
                0x00000000                __STACKSIZE_ABT__ = 0x0
                0x00000000                __STACKSIZE_FIQ__ = 0x0
                0x00000000                __STACKSIZE_IRQ__ = 0x0
                0x00000000                __STACKSIZE_PROCESS__ = 0x0
                0x00000000                __STACKSIZE_SVC__ = 0x0
                0x00000000                __STACKSIZE_UND__ = 0x0
                0x00000100                __STACKSIZE__ = 0x100
                0x20000000                __vectors_ram_load_start__ = ALIGN (__RAM_segment_start__, 0x100)

.vectors_ram    0x20000000        0x0
                0x20000000                __vectors_ram_start__ = .
 *(.vectors_ram .vectors_ram.*)
                0x20000000                __vectors_ram_end__ = (__vectors_ram_start__ + SIZEOF (.vectors_ram))
                0x00000000                __vectors_ram_size__ = SIZEOF (.vectors_ram)
                0x20000000                __vectors_ram_load_end__ = __vectors_ram_end__
                0x00000001                . = ASSERT (((__vectors_ram_start__ == __vectors_ram_end__) || ((__vectors_ram_end__ >= __RAM_segment_start__) && (__vectors_ram_end__ <= __RAM_segment_end__))), error: .vectors_ram is too large to fit in RAM memory segment)
                0x08000000                __vectors_load_start__ = ALIGN (__FLASH_segment_start__, 0x100)

.vectors        0x08000000      0x188
                0x08000000                __vectors_start__ = .
 *(.vectors .vectors.*)
 .vectors       0x08000000      0x188 avianFreeRTOSPaho THUMB Debug/STM32_Startup.o
                0x08000000                _vectors
                0x08000188                __vectors_end__ = (__vectors_start__ + SIZEOF (.vectors))
                0x00000188                __vectors_size__ = SIZEOF (.vectors)
                0x08000188                __vectors_load_end__ = __vectors_end__
                0x00000001                . = ASSERT (((__vectors_start__ == __vectors_end__) || ((__vectors_end__ >= __FLASH_segment_start__) && (__vectors_end__ <= __FLASH_segment_end__))), error: .vectors is too large to fit in FLASH memory segment)
                0x08000188                __init_load_start__ = ALIGN (__vectors_end__, 0x4)

.init           0x08000188      0x26c
                0x08000188                __init_start__ = .
 *(.init .init.*)
 .init          0x08000188      0x158 avianFreeRTOSPaho THUMB Debug/thumb_crt0.o
                0x08000188                _start
                0x0800023a                exit
 .init          0x080002e0      0x114 avianFreeRTOSPaho THUMB Debug/STM32_Startup.o
                0x080002e0                NMI_Handler
                0x080002e2                HardFault_Handler
                0x080002e4                MemManage_Handler
                0x080002e6                BusFault_Handler
                0x080002e8                UsageFault_Handler
                0x080002ec                DebugMon_Handler
                0x080002f2                WWDG_IRQHandler
                0x080002f4                PVD_IRQHandler
                0x080002f6                TAMP_STAMP_IRQHandler
                0x080002f8                RTC_WKUP_IRQHandler
                0x080002fa                FLASH_IRQHandler
                0x080002fc                RCC_IRQHandler
                0x080002fe                EXTI0_IRQHandler
                0x08000300                EXTI1_IRQHandler
                0x08000302                EXTI2_IRQHandler
                0x08000304                EXTI3_IRQHandler
                0x08000306                EXTI4_IRQHandler
                0x08000308                DMA1_Stream0_IRQHandler
                0x0800030a                DMA1_Stream1_IRQHandler
                0x0800030c                DMA1_Stream2_IRQHandler
                0x0800030e                DMA1_Stream3_IRQHandler
                0x08000310                DMA1_Stream4_IRQHandler
                0x08000312                DMA1_Stream5_IRQHandler
                0x08000314                DMA1_Stream6_IRQHandler
                0x08000316                ADC_IRQHandler
                0x08000318                CAN1_TX_IRQHandler
                0x0800031a                CAN1_RX0_IRQHandler
                0x0800031c                CAN1_RX1_IRQHandler
                0x0800031e                CAN1_SCE_IRQHandler
                0x08000320                EXTI9_5_IRQHandler
                0x08000322                TIM1_BRK_TIM9_IRQHandler
                0x08000324                TIM1_UP_TIM10_IRQHandler
                0x08000326                TIM1_TRG_COM_TIM11_IRQHandler
                0x08000328                TIM1_CC_IRQHandler
                0x0800032c                TIM3_IRQHandler
                0x0800032e                TIM4_IRQHandler
                0x08000330                I2C1_EV_IRQHandler
                0x08000332                I2C1_ER_IRQHandler
                0x08000334                I2C2_EV_IRQHandler
                0x08000336                I2C2_ER_IRQHandler
                0x08000338                SPI1_IRQHandler
                0x0800033a                SPI2_IRQHandler
                0x0800033c                USART1_IRQHandler
                0x0800033e                USART2_IRQHandler
                0x08000340                USART3_IRQHandler
                0x08000344                RTC_Alarm_IRQHandler
                0x08000346                OTG_FS_WKUP_IRQHandler
                0x08000348                TIM8_BRK_TIM12_IRQHandler
                0x0800034a                TIM8_UP_TIM13_IRQHandler
                0x0800034c                TIM8_TRG_COM_TIM14_IRQHandler
                0x0800034e                TIM8_CC_IRQHandler
                0x08000350                DMA1_Stream7_IRQHandler
                0x08000352                FSMC_IRQHandler
                0x08000356                TIM5_IRQHandler
                0x08000358                SPI3_IRQHandler
                0x0800035a                UART4_IRQHandler
                0x0800035c                UART5_IRQHandler
                0x0800035e                TIM6_DAC_IRQHandler
                0x08000360                TIM7_IRQHandler
                0x08000362                DMA2_Stream0_IRQHandler
                0x08000364                DMA2_Stream1_IRQHandler
                0x08000366                DMA2_Stream2_IRQHandler
                0x0800036a                DMA2_Stream4_IRQHandler
                0x0800036e                ETH_WKUP_IRQHandler
                0x08000370                CAN2_TX_IRQHandler
                0x08000372                CAN2_RX0_IRQHandler
                0x08000374                CAN2_RX1_IRQHandler
                0x08000376                CAN2_SCE_IRQHandler
                0x08000378                OTG_FS_IRQHandler
                0x0800037a                DMA2_Stream5_IRQHandler
                0x0800037e                DMA2_Stream7_IRQHandler
                0x08000380                USART6_IRQHandler
                0x08000382                I2C3_EV_IRQHandler
                0x08000384                I2C3_ER_IRQHandler
                0x08000386                OTG_HS_EP1_OUT_IRQHandler
                0x08000388                OTG_HS_EP1_IN_IRQHandler
                0x0800038a                OTG_HS_WKUP_IRQHandler
                0x0800038c                OTG_HS_IRQHandler
                0x0800038e                DCMI_IRQHandler
                0x08000390                CRYP_IRQHandler
                0x08000392                HASH_RNG_IRQHandler
                0x08000394                FPU_IRQHandler
                0x08000396                reset_handler
                0x080003f4                __init_end__ = (__init_start__ + SIZEOF (.init))
                0x0000026c                __init_size__ = SIZEOF (.init)
                0x080003f4                __init_load_end__ = __init_end__
                0x00000001                . = ASSERT (((__init_start__ == __init_end__) || ((__init_end__ >= __FLASH_segment_start__) && (__init_end__ <= __FLASH_segment_end__))), error: .init is too large to fit in FLASH memory segment)
                0x080003f4                __init_rodata_load_start__ = ALIGN (__init_end__, 0x4)

.init_rodata    0x080003f4        0x0
                0x080003f4                __init_rodata_start__ = .
 *(.init_rodata .init_rodata.*)
                0x080003f4                __init_rodata_end__ = (__init_rodata_start__ + SIZEOF (.init_rodata))
                0x00000000                __init_rodata_size__ = SIZEOF (.init_rodata)
                0x080003f4                __init_rodata_load_end__ = __init_rodata_end__
                0x00000001                . = ASSERT (((__init_rodata_start__ == __init_rodata_end__) || ((__init_rodata_end__ >= __FLASH_segment_start__) && (__init_rodata_end__ <= __FLASH_segment_end__))), error: .init_rodata is too large to fit in FLASH memory segment)
                0x080003f4                __text_load_start__ = ALIGN (__init_rodata_end__, 0x4)

.text           0x080003f4    0x12890
                0x080003f4                __text_start__ = .
 *(.text .text.* .glue_7t .glue_7 .gnu.linkonce.t.* .gcc_except_table .ARM.extab* .gnu.linkonce.armextab.*)
 .glue_7        0x080003f4        0x0 linker stubs
 .glue_7t       0x080003f4        0x0 linker stubs
 .text.xEventGroupCreate
                0x080003f4       0x30 avianFreeRTOSPaho THUMB Debug/event_groups.o
                0x080003f4                xEventGroupCreate
 .text.xEventGroupWaitBits
                0x08000424      0x16c avianFreeRTOSPaho THUMB Debug/event_groups.o
                0x08000424                xEventGroupWaitBits
 .text.xEventGroupClearBits
                0x08000590       0x5c avianFreeRTOSPaho THUMB Debug/event_groups.o
                0x08000590                xEventGroupClearBits
 .text.xEventGroupSetBits
                0x080005ec      0x104 avianFreeRTOSPaho THUMB Debug/event_groups.o
                0x080005ec                xEventGroupSetBits
 .text.vEventGroupDelete
                0x080006f0       0x5c avianFreeRTOSPaho THUMB Debug/event_groups.o
                0x080006f0                vEventGroupDelete
 .text.prvTestWaitCondition
                0x0800074c       0x44 avianFreeRTOSPaho THUMB Debug/event_groups.o
 .text.vListInitialise
                0x08000790       0x40 avianFreeRTOSPaho THUMB Debug/list.o
                0x08000790                vListInitialise
 .text.vListInitialiseItem
                0x080007d0       0x1c avianFreeRTOSPaho THUMB Debug/list.o
                0x080007d0                vListInitialiseItem
 .text.vListInsertEnd
                0x080007ec       0x48 avianFreeRTOSPaho THUMB Debug/list.o
                0x080007ec                vListInsertEnd
 .text.vListInsert
                0x08000834       0x74 avianFreeRTOSPaho THUMB Debug/list.o
                0x08000834                vListInsert
 .text.uxListRemove
                0x080008a8       0x54 avianFreeRTOSPaho THUMB Debug/list.o
                0x080008a8                uxListRemove
 .text.xQueueGenericReset
                0x080008fc       0xc8 avianFreeRTOSPaho THUMB Debug/queue.o
                0x080008fc                xQueueGenericReset
 .text.xQueueGenericCreate
                0x080009c4       0x6c avianFreeRTOSPaho THUMB Debug/queue.o
                0x080009c4                xQueueGenericCreate
 .text.prvInitialiseNewQueue
                0x08000a30       0x48 avianFreeRTOSPaho THUMB Debug/queue.o
 .text.xQueueCreateCountingSemaphore
                0x08000a78       0x54 avianFreeRTOSPaho THUMB Debug/queue.o
                0x08000a78                xQueueCreateCountingSemaphore
 .text.xQueueGenericSend
                0x08000acc      0x1d0 avianFreeRTOSPaho THUMB Debug/queue.o
                0x08000acc                xQueueGenericSend
 .text.xQueueGiveFromISR
                0x08000c9c       0xf4 avianFreeRTOSPaho THUMB Debug/queue.o
                0x08000c9c                xQueueGiveFromISR
 .text.xQueueGenericReceive
                0x08000d90      0x20c avianFreeRTOSPaho THUMB Debug/queue.o
                0x08000d90                xQueueGenericReceive
 .text.uxQueueMessagesWaiting
                0x08000f9c       0x34 avianFreeRTOSPaho THUMB Debug/queue.o
                0x08000f9c                uxQueueMessagesWaiting
 .text.vQueueDelete
                0x08000fd0       0x34 avianFreeRTOSPaho THUMB Debug/queue.o
                0x08000fd0                vQueueDelete
 .text.prvCopyDataToQueue
                0x08001004       0xd4 avianFreeRTOSPaho THUMB Debug/queue.o
 .text.prvCopyDataFromQueue
                0x080010d8       0x4c avianFreeRTOSPaho THUMB Debug/queue.o
 .text.prvUnlockQueue
                0x08001124       0xa4 avianFreeRTOSPaho THUMB Debug/queue.o
 .text.prvIsQueueEmpty
                0x080011c8       0x2c avianFreeRTOSPaho THUMB Debug/queue.o
 .text.prvIsQueueFull
                0x080011f4       0x30 avianFreeRTOSPaho THUMB Debug/queue.o
 .text.vQueueAddToRegistry
                0x08001224       0x50 avianFreeRTOSPaho THUMB Debug/queue.o
                0x08001224                vQueueAddToRegistry
 .text.vQueueUnregisterQueue
                0x08001274       0x54 avianFreeRTOSPaho THUMB Debug/queue.o
                0x08001274                vQueueUnregisterQueue
 .text.xTaskCreate
                0x080012c8       0x84 avianFreeRTOSPaho THUMB Debug/tasks.o
                0x080012c8                xTaskCreate
 .text.prvInitialiseNewTask
                0x0800134c      0x12c avianFreeRTOSPaho THUMB Debug/tasks.o
 .text.prvAddNewTaskToReadyList
                0x08001478       0xdc avianFreeRTOSPaho THUMB Debug/tasks.o
 .text.vTaskDelete
                0x08001554      0x118 avianFreeRTOSPaho THUMB Debug/tasks.o
                0x08001554                vTaskDelete
 .text.vTaskDelay
                0x0800166c       0x60 avianFreeRTOSPaho THUMB Debug/tasks.o
                0x0800166c                vTaskDelay
 .text.vTaskStartScheduler
                0x080016cc       0x84 avianFreeRTOSPaho THUMB Debug/tasks.o
                0x080016cc                vTaskStartScheduler
 .text.vTaskSuspendAll
                0x08001750       0x1c avianFreeRTOSPaho THUMB Debug/tasks.o
                0x08001750                vTaskSuspendAll
 .text.xTaskResumeAll
                0x0800176c      0x130 avianFreeRTOSPaho THUMB Debug/tasks.o
                0x0800176c                xTaskResumeAll
 .text.xTaskGetTickCount
                0x0800189c       0x20 avianFreeRTOSPaho THUMB Debug/tasks.o
                0x0800189c                xTaskGetTickCount
 .text.pcTaskGetName
                0x080018bc       0x3c avianFreeRTOSPaho THUMB Debug/tasks.o
                0x080018bc                pcTaskGetName
 .text.xTaskIncrementTick
                0x080018f8      0x1b8 avianFreeRTOSPaho THUMB Debug/tasks.o
                0x080018f8                xTaskIncrementTick
 .text.vTaskSwitchContext
                0x08001ab0      0x134 avianFreeRTOSPaho THUMB Debug/tasks.o
                0x08001ab0                vTaskSwitchContext
 .text.vTaskPlaceOnEventList
                0x08001be4       0x40 avianFreeRTOSPaho THUMB Debug/tasks.o
                0x08001be4                vTaskPlaceOnEventList
 .text.vTaskPlaceOnUnorderedEventList
                0x08001c24       0x64 avianFreeRTOSPaho THUMB Debug/tasks.o
                0x08001c24                vTaskPlaceOnUnorderedEventList
 .text.xTaskRemoveFromEventList
                0x08001c88       0xbc avianFreeRTOSPaho THUMB Debug/tasks.o
                0x08001c88                xTaskRemoveFromEventList
 .text.xTaskRemoveFromUnorderedEventList
                0x08001d44       0xbc avianFreeRTOSPaho THUMB Debug/tasks.o
                0x08001d44                xTaskRemoveFromUnorderedEventList
 .text.vTaskSetTimeOutState
                0x08001e00       0x3c avianFreeRTOSPaho THUMB Debug/tasks.o
                0x08001e00                vTaskSetTimeOutState
 .text.xTaskCheckForTimeOut
                0x08001e3c       0xac avianFreeRTOSPaho THUMB Debug/tasks.o
                0x08001e3c                xTaskCheckForTimeOut
 .text.vTaskMissedYield
                0x08001ee8       0x18 avianFreeRTOSPaho THUMB Debug/tasks.o
                0x08001ee8                vTaskMissedYield
 .text.prvIdleTask
                0x08001f00       0x34 avianFreeRTOSPaho THUMB Debug/tasks.o
 .text.pvTaskGetThreadLocalStoragePointer
                0x08001f34       0x4c avianFreeRTOSPaho THUMB Debug/tasks.o
                0x08001f34                pvTaskGetThreadLocalStoragePointer
 .text.prvInitialiseTaskLists
                0x08001f80       0x80 avianFreeRTOSPaho THUMB Debug/tasks.o
 .text.prvCheckTasksWaitingTermination
                0x08002000       0x78 avianFreeRTOSPaho THUMB Debug/tasks.o
 .text.prvDeleteTCB
                0x08002078       0x20 avianFreeRTOSPaho THUMB Debug/tasks.o
 .text.prvResetNextTaskUnblockTime
                0x08002098       0x4c avianFreeRTOSPaho THUMB Debug/tasks.o
 .text.xTaskGetCurrentTaskHandle
                0x080020e4       0x20 avianFreeRTOSPaho THUMB Debug/tasks.o
                0x080020e4                xTaskGetCurrentTaskHandle
 .text.xTaskGetSchedulerState
                0x08002104       0x3c avianFreeRTOSPaho THUMB Debug/tasks.o
                0x08002104                xTaskGetSchedulerState
 .text.vTaskPriorityInherit
                0x08002140       0xec avianFreeRTOSPaho THUMB Debug/tasks.o
                0x08002140                vTaskPriorityInherit
 .text.xTaskPriorityDisinherit
                0x0800222c       0xf8 avianFreeRTOSPaho THUMB Debug/tasks.o
                0x0800222c                xTaskPriorityDisinherit
 .text.uxTaskResetEventItemValue
                0x08002324       0x30 avianFreeRTOSPaho THUMB Debug/tasks.o
                0x08002324                uxTaskResetEventItemValue
 .text.pvTaskIncrementMutexHeldCount
                0x08002354       0x28 avianFreeRTOSPaho THUMB Debug/tasks.o
                0x08002354                pvTaskIncrementMutexHeldCount
 .text.ulTaskNotifyTake
                0x0800237c       0x90 avianFreeRTOSPaho THUMB Debug/tasks.o
                0x0800237c                ulTaskNotifyTake
 .text.xTaskGenericNotify
                0x0800240c      0x134 avianFreeRTOSPaho THUMB Debug/tasks.o
                0x0800240c                xTaskGenericNotify
 .text.vTaskNotifyGiveFromISR
                0x08002540      0x110 avianFreeRTOSPaho THUMB Debug/tasks.o
                0x08002540                vTaskNotifyGiveFromISR
 .text.prvAddCurrentTaskToDelayedList
                0x08002650       0xcc avianFreeRTOSPaho THUMB Debug/tasks.o
 .text.pvPortMalloc
                0x0800271c      0x138 avianFreeRTOSPaho THUMB Debug/heap_5.o
                0x0800271c                pvPortMalloc
 .text.vPortFree
                0x08002854       0xa0 avianFreeRTOSPaho THUMB Debug/heap_5.o
                0x08002854                vPortFree
 .text.prvInsertBlockIntoFreeList
                0x080028f4       0xb4 avianFreeRTOSPaho THUMB Debug/heap_5.o
 .text.vPortDefineHeapRegions
                0x080029a8      0x164 avianFreeRTOSPaho THUMB Debug/heap_5.o
                0x080029a8                vPortDefineHeapRegions
 .text.pxPortInitialiseStack
                0x08002b0c       0x64 avianFreeRTOSPaho THUMB Debug/port.o
                0x08002b0c                pxPortInitialiseStack
 .text.prvTaskExitError
                0x08002b70       0x38 avianFreeRTOSPaho THUMB Debug/port.o
 *fill*         0x08002ba8        0x8 
 .text.SVC_Handler
                0x08002bb0       0x28 avianFreeRTOSPaho THUMB Debug/port.o
                0x08002bb0                SVC_Handler
 .text.prvPortStartFirstTask
                0x08002bd8       0x28 avianFreeRTOSPaho THUMB Debug/port.o
 .text.xPortStartScheduler
                0x08002c00      0x11c avianFreeRTOSPaho THUMB Debug/port.o
                0x08002c00                xPortStartScheduler
 .text.vPortEnterCritical
                0x08002d1c       0x54 avianFreeRTOSPaho THUMB Debug/port.o
                0x08002d1c                vPortEnterCritical
 .text.vPortExitCritical
                0x08002d70       0x44 avianFreeRTOSPaho THUMB Debug/port.o
                0x08002d70                vPortExitCritical
 *fill*         0x08002db4        0xc 
 .text.PendSV_Handler
                0x08002dc0       0x68 avianFreeRTOSPaho THUMB Debug/port.o
                0x08002dc0                PendSV_Handler
 .text.SysTick_Handler
                0x08002e28       0x40 avianFreeRTOSPaho THUMB Debug/port.o
                0x08002e28                SysTick_Handler
 .text.vPortSetupTimerInterrupt
                0x08002e68       0x48 avianFreeRTOSPaho THUMB Debug/port.o
                0x08002e68                vPortSetupTimerInterrupt
 .text.vPortEnableVFP
                0x08002eb0       0x14 avianFreeRTOSPaho THUMB Debug/port.o
 .text.vPortValidateInterruptPriority
                0x08002ec4       0x68 avianFreeRTOSPaho THUMB Debug/port.o
                0x08002ec4                vPortValidateInterruptPriority
 .text.SDIO_IRQHandler
                0x08002f2c       0x50 avianFreeRTOSPaho THUMB Debug/ff_sddisk.o
                0x08002f2c                SDIO_IRQHandler
 .text.DMA2_Stream6_IRQHandler
                0x08002f7c       0x54 avianFreeRTOSPaho THUMB Debug/ff_sddisk.o
                0x08002f7c                DMA2_Stream6_IRQHandler
 .text.DMA2_Stream3_IRQHandler
                0x08002fd0       0x54 avianFreeRTOSPaho THUMB Debug/ff_sddisk.o
                0x08002fd0                DMA2_Stream3_IRQHandler
 .text.HAL_GPIO_EXTI_Callback
                0x08003024       0x44 avianFreeRTOSPaho THUMB Debug/ff_sddisk.o
                0x08003024                HAL_GPIO_EXTI_Callback
 .text.EXTI15_10_IRQHandler
                0x08003068       0x10 avianFreeRTOSPaho THUMB Debug/ff_sddisk.o
                0x08003068                EXTI15_10_IRQHandler
 .text.prvToLower
                0x08003078       0x30 avianFreeRTOSPaho THUMB Debug/ff_dir.o
 .text.strcasecmp
                0x080030a8       0x54 avianFreeRTOSPaho THUMB Debug/ff_dir.o
                0x080030a8                strcasecmp
 .text.xNetworkBuffersInitialise
                0x080030fc       0xf0 avianFreeRTOSPaho THUMB Debug/BufferAllocation_2.o
                0x080030fc                xNetworkBuffersInitialise
 .text.vReleaseNetworkBuffer
                0x080031ec       0x24 avianFreeRTOSPaho THUMB Debug/BufferAllocation_2.o
                0x080031ec                vReleaseNetworkBuffer
 .text.pxGetNetworkBufferWithDescriptor
                0x08003210      0x118 avianFreeRTOSPaho THUMB Debug/BufferAllocation_2.o
                0x08003210                pxGetNetworkBufferWithDescriptor
 .text.vReleaseNetworkBufferAndDescriptor
                0x08003328       0x70 avianFreeRTOSPaho THUMB Debug/BufferAllocation_2.o
                0x08003328                vReleaseNetworkBufferAndDescriptor
 .text.uxGetNumberOfFreeNetworkBuffers
                0x08003398       0x18 avianFreeRTOSPaho THUMB Debug/BufferAllocation_2.o
                0x08003398                uxGetNumberOfFreeNetworkBuffers
 .text.uxGetMinimumFreeNetworkBuffers
                0x080033b0       0x18 avianFreeRTOSPaho THUMB Debug/BufferAllocation_2.o
                0x080033b0                uxGetMinimumFreeNetworkBuffers
 .text.HAL_ETH_RxCpltCallback
                0x080033c8       0x5c avianFreeRTOSPaho THUMB Debug/NetworkInterface.o
                0x080033c8                HAL_ETH_RxCpltCallback
 .text.HAL_ETH_TxCpltCallback
                0x08003424       0x14 avianFreeRTOSPaho THUMB Debug/NetworkInterface.o
                0x08003424                HAL_ETH_TxCpltCallback
 .text.xNetworkInterfaceInitialise
                0x08003438       0xfc avianFreeRTOSPaho THUMB Debug/NetworkInterface.o
                0x08003438                xNetworkInterfaceInitialise
 .text.prvMACAddressConfig
                0x08003534       0x74 avianFreeRTOSPaho THUMB Debug/NetworkInterface.o
 .text.xNetworkInterfaceOutput
                0x080035a8       0xac avianFreeRTOSPaho THUMB Debug/NetworkInterface.o
                0x080035a8                xNetworkInterfaceOutput
 .text.prvNetworkInterfaceInput
                0x08003654      0x130 avianFreeRTOSPaho THUMB Debug/NetworkInterface.o
 .text.vMACBProbePhy
                0x08003784      0x234 avianFreeRTOSPaho THUMB Debug/NetworkInterface.o
                0x08003784                vMACBProbePhy
 .text.prvEthernetUpdateConfig
                0x080039b8      0x1dc avianFreeRTOSPaho THUMB Debug/NetworkInterface.o
 .text.prvEMACHandlerTask
                0x08003b94      0x16c avianFreeRTOSPaho THUMB Debug/NetworkInterface.o
 .text.ETH_IRQHandler
                0x08003d00       0x14 avianFreeRTOSPaho THUMB Debug/NetworkInterface.o
                0x08003d00                ETH_IRQHandler
 .text.eARPProcessPacket
                0x08003d14      0x100 avianFreeRTOSPaho THUMB Debug/FreeRTOS_ARP.o
                0x08003d14                eARPProcessPacket
 .text.vARPRefreshCacheEntry
                0x08003e14      0x1f0 avianFreeRTOSPaho THUMB Debug/FreeRTOS_ARP.o
                0x08003e14                vARPRefreshCacheEntry
 .text.eARPGetCacheEntry
                0x08004004       0xcc avianFreeRTOSPaho THUMB Debug/FreeRTOS_ARP.o
                0x08004004                eARPGetCacheEntry
 .text.prvCacheLookup
                0x080040d0       0x80 avianFreeRTOSPaho THUMB Debug/FreeRTOS_ARP.o
 .text.vARPAgeCache
                0x08004150      0x124 avianFreeRTOSPaho THUMB Debug/FreeRTOS_ARP.o
                0x08004150                vARPAgeCache
 .text.vARPSendGratuitous
                0x08004274       0x18 avianFreeRTOSPaho THUMB Debug/FreeRTOS_ARP.o
                0x08004274                vARPSendGratuitous
 .text.FreeRTOS_OutputARPRequest
                0x0800428c       0x34 avianFreeRTOSPaho THUMB Debug/FreeRTOS_ARP.o
                0x0800428c                FreeRTOS_OutputARPRequest
 .text.vARPGenerateRequestPacket
                0x080042c0       0x60 avianFreeRTOSPaho THUMB Debug/FreeRTOS_ARP.o
                0x080042c0                vARPGenerateRequestPacket
 .text.xIsDHCPSocket
                0x08004320       0x30 avianFreeRTOSPaho THUMB Debug/FreeRTOS_DHCP.o
                0x08004320                xIsDHCPSocket
 .text.vDHCPProcess
                0x08004350      0x25c avianFreeRTOSPaho THUMB Debug/FreeRTOS_DHCP.o
                0x08004350                vDHCPProcess
 .text.prvCreateDHCPSocket
                0x080045ac       0x94 avianFreeRTOSPaho THUMB Debug/FreeRTOS_DHCP.o
 .text.prvInitialiseDHCP
                0x08004640       0x50 avianFreeRTOSPaho THUMB Debug/FreeRTOS_DHCP.o
 .text.prvProcessDHCPReplies
                0x08004690      0x34c avianFreeRTOSPaho THUMB Debug/FreeRTOS_DHCP.o
 .text.prvCreatePartDHCPMessage
                0x080049dc      0x16c avianFreeRTOSPaho THUMB Debug/FreeRTOS_DHCP.o
 .text.prvSendDHCPRequest
                0x08004b48       0x74 avianFreeRTOSPaho THUMB Debug/FreeRTOS_DHCP.o
 .text.prvSendDHCPDiscover
                0x08004bbc       0x50 avianFreeRTOSPaho THUMB Debug/FreeRTOS_DHCP.o
 .text.usChar2u16
                0x08004c0c       0x2c avianFreeRTOSPaho THUMB Debug/FreeRTOS_DNS.o
 .text.vDNSInitialise
                0x08004c38       0x14 avianFreeRTOSPaho THUMB Debug/FreeRTOS_DNS.o
                0x08004c38                vDNSInitialise
 .text.vDNSCheckCallBack
                0x08004c4c       0xa8 avianFreeRTOSPaho THUMB Debug/FreeRTOS_DNS.o
                0x08004c4c                vDNSCheckCallBack
 .text.vDNSDoCallback
                0x08004cf4       0x80 avianFreeRTOSPaho THUMB Debug/FreeRTOS_DNS.o
 .text.prvReadNameField
                0x08004d74       0x98 avianFreeRTOSPaho THUMB Debug/FreeRTOS_DNS.o
 .text.prvSkipNameField
                0x08004e0c       0x44 avianFreeRTOSPaho THUMB Debug/FreeRTOS_DNS.o
 .text.ulDNSHandlePacket
                0x08004e50       0x2c avianFreeRTOSPaho THUMB Debug/FreeRTOS_DNS.o
                0x08004e50                ulDNSHandlePacket
 .text.prvParseDNSReply
                0x08004e7c      0x4b0 avianFreeRTOSPaho THUMB Debug/FreeRTOS_DNS.o
 .text.prvReplyDNSMessage
                0x0800532c       0xd4 avianFreeRTOSPaho THUMB Debug/FreeRTOS_DNS.o
 .text.prvProcessDNSCache
                0x08005400      0x104 avianFreeRTOSPaho THUMB Debug/FreeRTOS_DNS.o
 .text.prvIPTask
                0x08005504      0x194 avianFreeRTOSPaho THUMB Debug/FreeRTOS_IP.o
 .text.xIsCallingFromIPTask
                0x08005698       0x2c avianFreeRTOSPaho THUMB Debug/FreeRTOS_IP.o
                0x08005698                xIsCallingFromIPTask
 .text.prvHandleEthernetPacket
                0x080056c4       0x18 avianFreeRTOSPaho THUMB Debug/FreeRTOS_IP.o
 .text.prvCalculateSleepTime
                0x080056dc       0x94 avianFreeRTOSPaho THUMB Debug/FreeRTOS_IP.o
 .text.prvCheckNetworkTimers
                0x08005770       0xdc avianFreeRTOSPaho THUMB Debug/FreeRTOS_IP.o
 .text.prvIPTimerStart
                0x0800584c       0x48 avianFreeRTOSPaho THUMB Debug/FreeRTOS_IP.o
 .text.prvIPTimerReload
                0x08005894       0x20 avianFreeRTOSPaho THUMB Debug/FreeRTOS_IP.o
 .text.prvIPTimerCheck
                0x080058b4       0x60 avianFreeRTOSPaho THUMB Debug/FreeRTOS_IP.o
 .text.FreeRTOS_NetworkDown
                0x08005914       0x38 avianFreeRTOSPaho THUMB Debug/FreeRTOS_IP.o
                0x08005914                FreeRTOS_NetworkDown
 .text.FreeRTOS_GetUDPPayloadBuffer
                0x0800594c       0x48 avianFreeRTOSPaho THUMB Debug/FreeRTOS_IP.o
                0x0800594c                FreeRTOS_GetUDPPayloadBuffer
 .text.pxDuplicateNetworkBufferWithDescriptor
                0x08005994       0x50 avianFreeRTOSPaho THUMB Debug/FreeRTOS_IP.o
                0x08005994                pxDuplicateNetworkBufferWithDescriptor
 .text.pxUDPPayloadBuffer_to_NetworkBuffer
                0x080059e4       0x44 avianFreeRTOSPaho THUMB Debug/FreeRTOS_IP.o
                0x080059e4                pxUDPPayloadBuffer_to_NetworkBuffer
 .text.FreeRTOS_ReleaseUDPPayloadBuffer
                0x08005a28       0x20 avianFreeRTOSPaho THUMB Debug/FreeRTOS_IP.o
                0x08005a28                FreeRTOS_ReleaseUDPPayloadBuffer
 .text.FreeRTOS_IPInit
                0x08005a48      0x1b0 avianFreeRTOSPaho THUMB Debug/FreeRTOS_IP.o
                0x08005a48                FreeRTOS_IPInit
 .text.FreeRTOS_GetAddressConfiguration
                0x08005bf8       0x5c avianFreeRTOSPaho THUMB Debug/FreeRTOS_IP.o
                0x08005bf8                FreeRTOS_GetAddressConfiguration
 .text.xSendEventToIPTask
                0x08005c54       0x2c avianFreeRTOSPaho THUMB Debug/FreeRTOS_IP.o
                0x08005c54                xSendEventToIPTask
 .text.xSendEventStructToIPTask
                0x08005c80       0xa0 avianFreeRTOSPaho THUMB Debug/FreeRTOS_IP.o
                0x08005c80                xSendEventStructToIPTask
 .text.prvProcessNetworkDownEvent
                0x08005d20       0x54 avianFreeRTOSPaho THUMB Debug/FreeRTOS_IP.o
 .text.vIPNetworkUpCalls
                0x08005d74       0x2c avianFreeRTOSPaho THUMB Debug/FreeRTOS_IP.o
                0x08005d74                vIPNetworkUpCalls
 .text.prvProcessEthernetPacket
                0x08005da0       0x90 avianFreeRTOSPaho THUMB Debug/FreeRTOS_IP.o
 .text.prvAllowIPPacket
                0x08005e30       0x94 avianFreeRTOSPaho THUMB Debug/FreeRTOS_IP.o
 .text.prvProcessIPPacket
                0x08005ec4      0x158 avianFreeRTOSPaho THUMB Debug/FreeRTOS_IP.o
 .text.prvProcessICMPEchoReply
                0x0800601c       0x84 avianFreeRTOSPaho THUMB Debug/FreeRTOS_IP.o
 .text.prvProcessICMPEchoRequest
                0x080060a0       0xb0 avianFreeRTOSPaho THUMB Debug/FreeRTOS_IP.o
 .text.prvProcessICMPPacket
                0x08006150       0x3c avianFreeRTOSPaho THUMB Debug/FreeRTOS_IP.o
 .text.vReturnEthernetFrame
                0x0800618c       0x40 avianFreeRTOSPaho THUMB Debug/FreeRTOS_IP.o
                0x0800618c                vReturnEthernetFrame
 .text.vIPSetDHCPTimerEnableState
                0x080061cc       0x34 avianFreeRTOSPaho THUMB Debug/FreeRTOS_IP.o
                0x080061cc                vIPSetDHCPTimerEnableState
 .text.vIPReloadDHCPTimer
                0x08006200       0x1c avianFreeRTOSPaho THUMB Debug/FreeRTOS_IP.o
                0x08006200                vIPReloadDHCPTimer
 .text.vIPSetDnsTimerEnableState
                0x0800621c       0x34 avianFreeRTOSPaho THUMB Debug/FreeRTOS_IP.o
                0x0800621c                vIPSetDnsTimerEnableState
 .text.xIPIsNetworkTaskReady
                0x08006250       0x18 avianFreeRTOSPaho THUMB Debug/FreeRTOS_IP.o
                0x08006250                xIPIsNetworkTaskReady
 .text.FreeRTOS_max_uint32
                0x08006268       0x20 avianFreeRTOSPaho THUMB Debug/FreeRTOS_Sockets.o
 .text.FreeRTOS_min_int32
                0x08006288       0x20 avianFreeRTOSPaho THUMB Debug/FreeRTOS_Sockets.o
 .text.FreeRTOS_min_uint32
                0x080062a8       0x20 avianFreeRTOSPaho THUMB Debug/FreeRTOS_Sockets.o
 .text.FreeRTOS_round_up
                0x080062c8       0x2c avianFreeRTOSPaho THUMB Debug/FreeRTOS_Sockets.o
 .text.vStreamBufferClear
                0x080062f4       0x2c avianFreeRTOSPaho THUMB Debug/FreeRTOS_Sockets.o
 .text.uxStreamBufferSpace
                0x08006320       0x40 avianFreeRTOSPaho THUMB Debug/FreeRTOS_Sockets.o
 .text.uxStreamBufferDistance
                0x08006360       0x3c avianFreeRTOSPaho THUMB Debug/FreeRTOS_Sockets.o
 .text.uxStreamBufferGetSpace
                0x0800639c       0x28 avianFreeRTOSPaho THUMB Debug/FreeRTOS_Sockets.o
 .text.uxStreamBufferFrontSpace
                0x080063c4       0x28 avianFreeRTOSPaho THUMB Debug/FreeRTOS_Sockets.o
 .text.uxStreamBufferGetSize
                0x080063ec       0x28 avianFreeRTOSPaho THUMB Debug/FreeRTOS_Sockets.o
 .text.uxStreamBufferGetPtr
                0x08006414       0x40 avianFreeRTOSPaho THUMB Debug/FreeRTOS_Sockets.o
 .text.prvValidSocket
                0x08006454       0x5c avianFreeRTOSPaho THUMB Debug/FreeRTOS_Sockets.o
 .text.vNetworkSocketsInit
                0x080064b0       0x8c avianFreeRTOSPaho THUMB Debug/FreeRTOS_Sockets.o
                0x080064b0                vNetworkSocketsInit
 .text.prvDetermineSocketSize
                0x0800653c       0xa8 avianFreeRTOSPaho THUMB Debug/FreeRTOS_Sockets.o
 .text.FreeRTOS_socket
                0x080065e4      0x13c avianFreeRTOSPaho THUMB Debug/FreeRTOS_Sockets.o
                0x080065e4                FreeRTOS_socket
 .text.FreeRTOS_recvfrom
                0x08006720      0x1ac avianFreeRTOSPaho THUMB Debug/FreeRTOS_Sockets.o
                0x08006720                FreeRTOS_recvfrom
 .text.FreeRTOS_sendto
                0x080068cc      0x158 avianFreeRTOSPaho THUMB Debug/FreeRTOS_Sockets.o
                0x080068cc                FreeRTOS_sendto
 .text.FreeRTOS_bind
                0x08006a24       0xc0 avianFreeRTOSPaho THUMB Debug/FreeRTOS_Sockets.o
                0x08006a24                FreeRTOS_bind
 .text.vSocketBind
                0x08006ae4      0x114 avianFreeRTOSPaho THUMB Debug/FreeRTOS_Sockets.o
                0x08006ae4                vSocketBind
 .text.FreeRTOS_closesocket
                0x08006bf8       0x4c avianFreeRTOSPaho THUMB Debug/FreeRTOS_Sockets.o
                0x08006bf8                FreeRTOS_closesocket
 .text.vSocketClose
                0x08006c44       0xc0 avianFreeRTOSPaho THUMB Debug/FreeRTOS_Sockets.o
                0x08006c44                vSocketClose
 .text.prvTCPSetSocketCount
                0x08006d04       0x70 avianFreeRTOSPaho THUMB Debug/FreeRTOS_Sockets.o
 .text.FreeRTOS_setsockopt
                0x08006d74      0x340 avianFreeRTOSPaho THUMB Debug/FreeRTOS_Sockets.o
                0x08006d74                FreeRTOS_setsockopt
 .text.prvGetPrivatePortNumber
                0x080070b4       0x98 avianFreeRTOSPaho THUMB Debug/FreeRTOS_Sockets.o
 .text.pxListFindListItemWithValue
                0x0800714c       0x54 avianFreeRTOSPaho THUMB Debug/FreeRTOS_Sockets.o
 .text.pxUDPSocketLookup
                0x080071a0       0x44 avianFreeRTOSPaho THUMB Debug/FreeRTOS_Sockets.o
                0x080071a0                pxUDPSocketLookup
 .text.vSocketWakeUpUser
                0x080071e4       0x78 avianFreeRTOSPaho THUMB Debug/FreeRTOS_Sockets.o
                0x080071e4                vSocketWakeUpUser
 .text.FreeRTOS_accept
                0x0800725c      0x19c avianFreeRTOSPaho THUMB Debug/FreeRTOS_Sockets.o
                0x0800725c                FreeRTOS_accept
 .text.FreeRTOS_recv
                0x080073f8      0x1f8 avianFreeRTOSPaho THUMB Debug/FreeRTOS_Sockets.o
                0x080073f8                FreeRTOS_recv
 .text.prvTCPSendCheck
                0x080075f0       0x9c avianFreeRTOSPaho THUMB Debug/FreeRTOS_Sockets.o
 .text.FreeRTOS_send
                0x0800768c      0x180 avianFreeRTOSPaho THUMB Debug/FreeRTOS_Sockets.o
                0x0800768c                FreeRTOS_send
 .text.FreeRTOS_listen
                0x0800780c       0xd8 avianFreeRTOSPaho THUMB Debug/FreeRTOS_Sockets.o
                0x0800780c                FreeRTOS_listen
 .text.FreeRTOS_shutdown
                0x080078e4       0x64 avianFreeRTOSPaho THUMB Debug/FreeRTOS_Sockets.o
                0x080078e4                FreeRTOS_shutdown
 .text.xTCPTimerCheck
                0x08007948       0xe4 avianFreeRTOSPaho THUMB Debug/FreeRTOS_Sockets.o
                0x08007948                xTCPTimerCheck
 .text.pxTCPSocketLookup
                0x08007a2c       0x90 avianFreeRTOSPaho THUMB Debug/FreeRTOS_Sockets.o
                0x08007a2c                pxTCPSocketLookup
 .text.prvTCPCreateStream
                0x08007abc       0xbc avianFreeRTOSPaho THUMB Debug/FreeRTOS_Sockets.o
 .text.lTCPAddRxdata
                0x08007b78       0xc4 avianFreeRTOSPaho THUMB Debug/FreeRTOS_Sockets.o
                0x08007b78                lTCPAddRxdata
 .text.FreeRTOS_tx_space
                0x08007c3c       0x48 avianFreeRTOSPaho THUMB Debug/FreeRTOS_Sockets.o
                0x08007c3c                FreeRTOS_tx_space
 .text.FreeRTOS_tx_size
                0x08007c84       0x44 avianFreeRTOSPaho THUMB Debug/FreeRTOS_Sockets.o
                0x08007c84                FreeRTOS_tx_size
 .text.FreeRTOS_rx_size
                0x08007cc8       0x44 avianFreeRTOSPaho THUMB Debug/FreeRTOS_Sockets.o
                0x08007cc8                FreeRTOS_rx_size
 .text.vTCPNetStat
                0x08007d0c      0x188 avianFreeRTOSPaho THUMB Debug/FreeRTOS_Sockets.o
                0x08007d0c                vTCPNetStat
 .text.vSocketSelect
                0x08007e94      0x218 avianFreeRTOSPaho THUMB Debug/FreeRTOS_Sockets.o
                0x08007e94                vSocketSelect
 .text.FreeRTOS_SignalSocket
                0x080080ac       0x6c avianFreeRTOSPaho THUMB Debug/FreeRTOS_Sockets.o
                0x080080ac                FreeRTOS_SignalSocket
 .text.FreeRTOS_min_uint32
                0x08008118       0x20 avianFreeRTOSPaho THUMB Debug/FreeRTOS_Stream_Buffer.o
 .text.uxStreamBufferSpace
                0x08008138       0x40 avianFreeRTOSPaho THUMB Debug/FreeRTOS_Stream_Buffer.o
 .text.uxStreamBufferDistance
                0x08008178       0x3c avianFreeRTOSPaho THUMB Debug/FreeRTOS_Stream_Buffer.o
 .text.uxStreamBufferGetSpace
                0x080081b4       0x28 avianFreeRTOSPaho THUMB Debug/FreeRTOS_Stream_Buffer.o
 .text.uxStreamBufferGetSize
                0x080081dc       0x28 avianFreeRTOSPaho THUMB Debug/FreeRTOS_Stream_Buffer.o
 .text.xStreamBufferLessThenEqual
                0x08008204       0x6c avianFreeRTOSPaho THUMB Debug/FreeRTOS_Stream_Buffer.o
 .text.uxStreamBufferAdd
                0x08008270       0xfc avianFreeRTOSPaho THUMB Debug/FreeRTOS_Stream_Buffer.o
                0x08008270                uxStreamBufferAdd
 .text.uxStreamBufferGet
                0x0800836c       0xe8 avianFreeRTOSPaho THUMB Debug/FreeRTOS_Stream_Buffer.o
                0x0800836c                uxStreamBufferGet
 .text.FreeRTOS_max_int32
                0x08008454       0x20 avianFreeRTOSPaho THUMB Debug/FreeRTOS_TCP_IP.o
 .text.FreeRTOS_min_int32
                0x08008474       0x20 avianFreeRTOSPaho THUMB Debug/FreeRTOS_TCP_IP.o
 .text.FreeRTOS_min_uint32
                0x08008494       0x20 avianFreeRTOSPaho THUMB Debug/FreeRTOS_TCP_IP.o
 .text.uxStreamBufferSpace
                0x080084b4       0x40 avianFreeRTOSPaho THUMB Debug/FreeRTOS_TCP_IP.o
 .text.uxStreamBufferDistance
                0x080084f4       0x3c avianFreeRTOSPaho THUMB Debug/FreeRTOS_TCP_IP.o
 .text.uxStreamBufferGetSpace
                0x08008530       0x28 avianFreeRTOSPaho THUMB Debug/FreeRTOS_TCP_IP.o
 .text.uxStreamBufferFrontSpace
                0x08008558       0x28 avianFreeRTOSPaho THUMB Debug/FreeRTOS_TCP_IP.o
 .text.uxStreamBufferMidSpace
                0x08008580       0x28 avianFreeRTOSPaho THUMB Debug/FreeRTOS_TCP_IP.o
 .text.vStreamBufferMoveMid
                0x080085a8       0x4c avianFreeRTOSPaho THUMB Debug/FreeRTOS_TCP_IP.o
 .text.ulChar2u32
                0x080085f4       0x38 avianFreeRTOSPaho THUMB Debug/FreeRTOS_TCP_IP.o
 .text.usChar2u16
                0x0800862c       0x2c avianFreeRTOSPaho THUMB Debug/FreeRTOS_TCP_IP.o
 .text.prvTCPSocketIsActive
                0x08008658       0x58 avianFreeRTOSPaho THUMB Debug/FreeRTOS_TCP_IP.o
 .text.prvTCPStatusAgeCheck
                0x080086b0       0xac avianFreeRTOSPaho THUMB Debug/FreeRTOS_TCP_IP.o
 .text.xTCPSocketCheck
                0x0800875c       0xc4 avianFreeRTOSPaho THUMB Debug/FreeRTOS_TCP_IP.o
                0x0800875c                xTCPSocketCheck
 .text.prvTCPSendPacket
                0x08008820       0xb8 avianFreeRTOSPaho THUMB Debug/FreeRTOS_TCP_IP.o
 .text.prvTCPSendRepeated
                0x080088d8       0x5c avianFreeRTOSPaho THUMB Debug/FreeRTOS_TCP_IP.o
 .text.prvTCPReturnPacket
                0x08008934      0x358 avianFreeRTOSPaho THUMB Debug/FreeRTOS_TCP_IP.o
 .text.prvTCPCreateWindow
                0x08008c8c       0x50 avianFreeRTOSPaho THUMB Debug/FreeRTOS_TCP_IP.o
 .text.prvTCPPrepareConnect
                0x08008cdc      0x1bc avianFreeRTOSPaho THUMB Debug/FreeRTOS_TCP_IP.o
 .text.prvCheckOptions
                0x08008e98      0x1e0 avianFreeRTOSPaho THUMB Debug/FreeRTOS_TCP_IP.o
 .text.prvWinScaleFactor
                0x08009078       0x44 avianFreeRTOSPaho THUMB Debug/FreeRTOS_TCP_IP.o
 .text.prvSetSynAckOptions
                0x080090bc       0xa8 avianFreeRTOSPaho THUMB Debug/FreeRTOS_TCP_IP.o
 .text.prvTCPTouchSocket
                0x08009164       0x48 avianFreeRTOSPaho THUMB Debug/FreeRTOS_TCP_IP.o
 .text.vTCPStateChange
                0x080091ac      0x1b0 avianFreeRTOSPaho THUMB Debug/FreeRTOS_TCP_IP.o
                0x080091ac                vTCPStateChange
 .text.prvTCPBufferResize
                0x0800935c       0xc0 avianFreeRTOSPaho THUMB Debug/FreeRTOS_TCP_IP.o
 .text.prvTCPPrepareSend
                0x0800941c      0x2d0 avianFreeRTOSPaho THUMB Debug/FreeRTOS_TCP_IP.o
 .text.prvTCPNextTimeout
                0x080096ec       0xfc avianFreeRTOSPaho THUMB Debug/FreeRTOS_TCP_IP.o
 .text.prvTCPAddTxData
                0x080097e8       0x54 avianFreeRTOSPaho THUMB Debug/FreeRTOS_TCP_IP.o
 .text.prvTCPHandleFin
                0x0800983c      0x14c avianFreeRTOSPaho THUMB Debug/FreeRTOS_TCP_IP.o
 .text.prvCheckRxData
                0x08009988       0xd0 avianFreeRTOSPaho THUMB Debug/FreeRTOS_TCP_IP.o
 .text.prvStoreRxData
                0x08009a58       0xe8 avianFreeRTOSPaho THUMB Debug/FreeRTOS_TCP_IP.o
 .text.prvSetOptions
                0x08009b40       0xbc avianFreeRTOSPaho THUMB Debug/FreeRTOS_TCP_IP.o
 .text.prvHandleSynReceived
                0x08009bfc      0x184 avianFreeRTOSPaho THUMB Debug/FreeRTOS_TCP_IP.o
 .text.prvHandleEstablished
                0x08009d80      0x22c avianFreeRTOSPaho THUMB Debug/FreeRTOS_TCP_IP.o
 .text.prvSendData
                0x08009fac      0x17c avianFreeRTOSPaho THUMB Debug/FreeRTOS_TCP_IP.o
 .text.prvTCPHandleState
                0x0800a128      0x220 avianFreeRTOSPaho THUMB Debug/FreeRTOS_TCP_IP.o
 .text.prvTCPSendReset
                0x0800a348       0x38 avianFreeRTOSPaho THUMB Debug/FreeRTOS_TCP_IP.o
 .text.prvSocketSetMSS
                0x0800a380       0x78 avianFreeRTOSPaho THUMB Debug/FreeRTOS_TCP_IP.o
 .text.xProcessReceivedTCPPacket
                0x0800a3f8      0x234 avianFreeRTOSPaho THUMB Debug/FreeRTOS_TCP_IP.o
                0x0800a3f8                xProcessReceivedTCPPacket
 .text.prvHandleListen
                0x0800a62c      0x19c avianFreeRTOSPaho THUMB Debug/FreeRTOS_TCP_IP.o
 .text.prvTCPSocketCopy
                0x0800a7c8       0xec avianFreeRTOSPaho THUMB Debug/FreeRTOS_TCP_IP.o
 .text.FreeRTOS_GetTCPStateName
                0x0800a8b4       0x2c avianFreeRTOSPaho THUMB Debug/FreeRTOS_TCP_IP.o
                0x0800a8b4                FreeRTOS_GetTCPStateName
 .text.xTCPCheckNewClient
                0x0800a8e0       0x88 avianFreeRTOSPaho THUMB Debug/FreeRTOS_TCP_IP.o
                0x0800a8e0                xTCPCheckNewClient
 .text.FreeRTOS_min_int32
                0x0800a968       0x20 avianFreeRTOSPaho THUMB Debug/FreeRTOS_TCP_WIN.o
 .text.FreeRTOS_min_uint32
                0x0800a988       0x20 avianFreeRTOSPaho THUMB Debug/FreeRTOS_TCP_WIN.o
 .text.xSequenceLessThanOrEqual
                0x0800a9a8       0x24 avianFreeRTOSPaho THUMB Debug/FreeRTOS_TCP_WIN.o
 .text.xSequenceLessThan
                0x0800a9cc       0x24 avianFreeRTOSPaho THUMB Debug/FreeRTOS_TCP_WIN.o
 .text.xSequenceGreaterThan
                0x0800a9f0       0x24 avianFreeRTOSPaho THUMB Debug/FreeRTOS_TCP_WIN.o
 .text.xSequenceGreaterThanOrEqual
                0x0800aa14       0x24 avianFreeRTOSPaho THUMB Debug/FreeRTOS_TCP_WIN.o
 .text.vListInsertFifo
                0x0800aa38       0x20 avianFreeRTOSPaho THUMB Debug/FreeRTOS_TCP_WIN.o
 .text.vTCPTimerSet
                0x0800aa58       0x1c avianFreeRTOSPaho THUMB Debug/FreeRTOS_TCP_WIN.o
 .text.ulTimerGetAge
                0x0800aa74       0x1c avianFreeRTOSPaho THUMB Debug/FreeRTOS_TCP_WIN.o
 .text.vListInsertGeneric
                0x0800aa90       0x44 avianFreeRTOSPaho THUMB Debug/FreeRTOS_TCP_WIN.o
                0x0800aa90                vListInsertGeneric
 .text.prvCreateSectors
                0x0800aad4       0xa0 avianFreeRTOSPaho THUMB Debug/FreeRTOS_TCP_WIN.o
 .text.xTCPWindowRxFind
                0x0800ab74       0x50 avianFreeRTOSPaho THUMB Debug/FreeRTOS_TCP_WIN.o
 .text.xTCPWindowNew
                0x0800abc4       0xbc avianFreeRTOSPaho THUMB Debug/FreeRTOS_TCP_WIN.o
 .text.xTCPWindowRxEmpty
                0x0800ac80       0x44 avianFreeRTOSPaho THUMB Debug/FreeRTOS_TCP_WIN.o
                0x0800ac80                xTCPWindowRxEmpty
 .text.xTCPWindowGetHead
                0x0800acc4       0x3c avianFreeRTOSPaho THUMB Debug/FreeRTOS_TCP_WIN.o
 .text.xTCPWindowPeekHead
                0x0800ad00       0x3c avianFreeRTOSPaho THUMB Debug/FreeRTOS_TCP_WIN.o
 .text.vTCPWindowFree
                0x0800ad3c       0x58 avianFreeRTOSPaho THUMB Debug/FreeRTOS_TCP_WIN.o
 .text.vTCPWindowDestroy
                0x0800ad94       0x64 avianFreeRTOSPaho THUMB Debug/FreeRTOS_TCP_WIN.o
                0x0800ad94                vTCPWindowDestroy
 .text.vTCPWindowCreate
                0x0800adf8       0x70 avianFreeRTOSPaho THUMB Debug/FreeRTOS_TCP_WIN.o
                0x0800adf8                vTCPWindowCreate
 .text.vTCPWindowInit
                0x0800ae68       0xb8 avianFreeRTOSPaho THUMB Debug/FreeRTOS_TCP_WIN.o
                0x0800ae68                vTCPWindowInit
 .text.xTCPWindowRxConfirm
                0x0800af20       0x98 avianFreeRTOSPaho THUMB Debug/FreeRTOS_TCP_WIN.o
 .text.lTCPWindowRxCheck
                0x0800afb8      0x1bc avianFreeRTOSPaho THUMB Debug/FreeRTOS_TCP_WIN.o
                0x0800afb8                lTCPWindowRxCheck
 .text.lTCPIncrementTxPosition
                0x0800b174       0x34 avianFreeRTOSPaho THUMB Debug/FreeRTOS_TCP_WIN.o
 .text.lTCPWindowTxAdd
                0x0800b1a8      0x168 avianFreeRTOSPaho THUMB Debug/FreeRTOS_TCP_WIN.o
                0x0800b1a8                lTCPWindowTxAdd
 .text.xTCPWindowTxDone
                0x0800b310       0x24 avianFreeRTOSPaho THUMB Debug/FreeRTOS_TCP_WIN.o
                0x0800b310                xTCPWindowTxDone
 .text.prvTCPWindowTxHasSpace
                0x0800b334       0x8c avianFreeRTOSPaho THUMB Debug/FreeRTOS_TCP_WIN.o
 .text.xTCPWindowTxHasData
                0x0800b3c0       0xc0 avianFreeRTOSPaho THUMB Debug/FreeRTOS_TCP_WIN.o
                0x0800b3c0                xTCPWindowTxHasData
 .text.ulTCPWindowTxGet
                0x0800b480      0x1a0 avianFreeRTOSPaho THUMB Debug/FreeRTOS_TCP_WIN.o
                0x0800b480                ulTCPWindowTxGet
 .text.prvTCPWindowTxCheckAck
                0x0800b620      0x188 avianFreeRTOSPaho THUMB Debug/FreeRTOS_TCP_WIN.o
 .text.prvTCPWindowFastRetransmit
                0x0800b7a8       0xac avianFreeRTOSPaho THUMB Debug/FreeRTOS_TCP_WIN.o
 .text.ulTCPWindowTxAck
                0x0800b854       0x3c avianFreeRTOSPaho THUMB Debug/FreeRTOS_TCP_WIN.o
                0x0800b854                ulTCPWindowTxAck
 .text.ulTCPWindowTxSack
                0x0800b890       0x48 avianFreeRTOSPaho THUMB Debug/FreeRTOS_TCP_WIN.o
                0x0800b890                ulTCPWindowTxSack
 .text.vProcessGeneratedUDPPacket
                0x0800b8d8      0x164 avianFreeRTOSPaho THUMB Debug/FreeRTOS_UDP_IP.o
                0x0800b8d8                vProcessGeneratedUDPPacket
 .text.xProcessReceivedUDPPacket
                0x0800ba3c      0x12c avianFreeRTOSPaho THUMB Debug/FreeRTOS_UDP_IP.o
                0x0800ba3c                xProcessReceivedUDPPacket
 .text.uxStreamBufferSpace
                0x0800bb68       0x40 avianFreeRTOSPaho THUMB Debug/UDPLoggingPrintf.o
 .text.uxStreamBufferGetSpace
                0x0800bba8       0x28 avianFreeRTOSPaho THUMB Debug/UDPLoggingPrintf.o
 .text.prvInitialiseLogging
                0x0800bbd0       0x64 avianFreeRTOSPaho THUMB Debug/UDPLoggingPrintf.o
 .text.prvBufferFormattedString
                0x0800bc34      0x130 avianFreeRTOSPaho THUMB Debug/UDPLoggingPrintf.o
 .text.lUDPLoggingPrintf
                0x0800bd64       0x38 avianFreeRTOSPaho THUMB Debug/UDPLoggingPrintf.o
                0x0800bd64                lUDPLoggingPrintf
 .text.strbuf_init
                0x0800bd9c       0x3c avianFreeRTOSPaho THUMB Debug/printf-stdarg.o
 .text.strbuf_printchar
                0x0800bdd8       0x7c avianFreeRTOSPaho THUMB Debug/printf-stdarg.o
 .text.strbuf_printchar_inline
                0x0800be54       0x90 avianFreeRTOSPaho THUMB Debug/printf-stdarg.o
 .text.prints   0x0800bee4      0x13c avianFreeRTOSPaho THUMB Debug/printf-stdarg.o
 .text.printi   0x0800c020      0x118 avianFreeRTOSPaho THUMB Debug/printf-stdarg.o
 .text.printIp  0x0800c138       0x54 avianFreeRTOSPaho THUMB Debug/printf-stdarg.o
 .text.tiny_print
                0x0800c18c      0x2f8 avianFreeRTOSPaho THUMB Debug/printf-stdarg.o
 .text.vsnprintf
                0x0800c484       0x38 avianFreeRTOSPaho THUMB Debug/printf-stdarg.o
                0x0800c484                vsnprintf
 .text.snprintf
                0x0800c4bc       0x44 avianFreeRTOSPaho THUMB Debug/printf-stdarg.o
                0x0800c4bc                snprintf
 .text.sprintf  0x0800c500       0x40 avianFreeRTOSPaho THUMB Debug/printf-stdarg.o
                0x0800c500                sprintf
 .text.vExampleDebugStatUpdate
                0x0800c540       0x74 avianFreeRTOSPaho THUMB Debug/DemoIPTrace.o
                0x0800c540                vExampleDebugStatUpdate
 .text.prvIncrementEventCount
                0x0800c5b4       0x20 avianFreeRTOSPaho THUMB Debug/DemoIPTrace.o
 .text.prvStoreLowest
                0x0800c5d4       0x28 avianFreeRTOSPaho THUMB Debug/DemoIPTrace.o
 .text.vStartSimpleTCPServerTasks
                0x0800c5fc       0x40 avianFreeRTOSPaho THUMB Debug/SimpleTCPEchoServer.o
                0x0800c5fc                vStartSimpleTCPServerTasks
 .text.prvConnectionListeningTask
                0x0800c63c       0xe4 avianFreeRTOSPaho THUMB Debug/SimpleTCPEchoServer.o
 .text.prvServerConnectionInstance
                0x0800c720       0xfc avianFreeRTOSPaho THUMB Debug/SimpleTCPEchoServer.o
 .text.SystemInit
                0x0800c81c       0x6c avianFreeRTOSPaho THUMB Debug/system_stm32f4xx.o
                0x0800c81c                SystemInit
 .text.HAL_Init
                0x0800c888       0x44 avianFreeRTOSPaho THUMB Debug/stm32f4xx_hal.o
                0x0800c888                HAL_Init
 .text.HAL_MspInit
                0x0800c8cc       0x10 avianFreeRTOSPaho THUMB Debug/stm32f4xx_hal.o
                0x0800c8cc                HAL_MspInit
 .text.HAL_InitTick
                0x0800c8dc       0x38 avianFreeRTOSPaho THUMB Debug/stm32f4xx_hal.o
                0x0800c8dc                HAL_InitTick
 .text.HAL_IncTick
                0x0800c914       0x1c avianFreeRTOSPaho THUMB Debug/stm32f4xx_hal.o
                0x0800c914                HAL_IncTick
 .text.HAL_GetTick
                0x0800c930       0x18 avianFreeRTOSPaho THUMB Debug/stm32f4xx_hal.o
                0x0800c930                HAL_GetTick
 .text.HAL_Delay
                0x0800c948       0x2c avianFreeRTOSPaho THUMB Debug/stm32f4xx_hal.o
                0x0800c948                HAL_Delay
 .text.NVIC_SetPriorityGrouping
                0x0800c974       0x48 avianFreeRTOSPaho THUMB Debug/stm32f4xx_hal_cortex.o
 .text.NVIC_GetPriorityGrouping
                0x0800c9bc       0x1c avianFreeRTOSPaho THUMB Debug/stm32f4xx_hal_cortex.o
 .text.NVIC_EnableIRQ
                0x0800c9d8       0x34 avianFreeRTOSPaho THUMB Debug/stm32f4xx_hal_cortex.o
 .text.NVIC_SetPriority
                0x0800ca0c       0x54 avianFreeRTOSPaho THUMB Debug/stm32f4xx_hal_cortex.o
 .text.NVIC_EncodePriority
                0x0800ca60       0x68 avianFreeRTOSPaho THUMB Debug/stm32f4xx_hal_cortex.o
 .text.SysTick_Config
                0x0800cac8       0x44 avianFreeRTOSPaho THUMB Debug/stm32f4xx_hal_cortex.o
 .text.HAL_NVIC_SetPriorityGrouping
                0x0800cb0c       0x18 avianFreeRTOSPaho THUMB Debug/stm32f4xx_hal_cortex.o
                0x0800cb0c                HAL_NVIC_SetPriorityGrouping
 .text.HAL_NVIC_SetPriority
                0x0800cb24       0x38 avianFreeRTOSPaho THUMB Debug/stm32f4xx_hal_cortex.o
                0x0800cb24                HAL_NVIC_SetPriority
 .text.HAL_NVIC_EnableIRQ
                0x0800cb5c       0x1c avianFreeRTOSPaho THUMB Debug/stm32f4xx_hal_cortex.o
                0x0800cb5c                HAL_NVIC_EnableIRQ
 .text.HAL_SYSTICK_Config
                0x0800cb78       0x18 avianFreeRTOSPaho THUMB Debug/stm32f4xx_hal_cortex.o
                0x0800cb78                HAL_SYSTICK_Config
 .text.HAL_DMA_IRQHandler
                0x0800cb90     0x32cc avianFreeRTOSPaho THUMB Debug/stm32f4xx_hal_dma.o
                0x0800cb90                HAL_DMA_IRQHandler
 .text.HAL_ETH_Init
                0x0800fe5c      0x148 avianFreeRTOSPaho THUMB Debug/stm32f4xx_hal_eth.o
                0x0800fe5c                HAL_ETH_Init
 .text.HAL_ETH_DMATxDescListInit
                0x0800ffa4       0xd8 avianFreeRTOSPaho THUMB Debug/stm32f4xx_hal_eth.o
                0x0800ffa4                HAL_ETH_DMATxDescListInit
 .text.HAL_ETH_DMARxDescListInit
                0x0801007c       0xdc avianFreeRTOSPaho THUMB Debug/stm32f4xx_hal_eth.o
                0x0801007c                HAL_ETH_DMARxDescListInit
 .text.HAL_ETH_TransmitFrame
                0x08010158      0x1a8 avianFreeRTOSPaho THUMB Debug/stm32f4xx_hal_eth.o
                0x08010158                HAL_ETH_TransmitFrame
 .text.HAL_ETH_GetReceivedFrame
                0x08010300      0x104 avianFreeRTOSPaho THUMB Debug/stm32f4xx_hal_eth.o
                0x08010300                HAL_ETH_GetReceivedFrame
 .text.HAL_ETH_IRQHandler
                0x08010404       0x64 avianFreeRTOSPaho THUMB Debug/stm32f4xx_hal_eth.o
                0x08010404                HAL_ETH_IRQHandler
 .text.HAL_ETH_ErrorCallback
                0x08010468       0x14 avianFreeRTOSPaho THUMB Debug/stm32f4xx_hal_eth.o
                0x08010468                HAL_ETH_ErrorCallback
 .text.HAL_ETH_ReadPHYRegister
                0x0801047c       0xf4 avianFreeRTOSPaho THUMB Debug/stm32f4xx_hal_eth.o
                0x0801047c                HAL_ETH_ReadPHYRegister
 .text.HAL_ETH_WritePHYRegister
                0x08010570       0xf4 avianFreeRTOSPaho THUMB Debug/stm32f4xx_hal_eth.o
                0x08010570                HAL_ETH_WritePHYRegister
 .text.HAL_ETH_Start
                0x08010664       0x60 avianFreeRTOSPaho THUMB Debug/stm32f4xx_hal_eth.o
                0x08010664                HAL_ETH_Start
 .text.HAL_ETH_Stop
                0x080106c4       0x60 avianFreeRTOSPaho THUMB Debug/stm32f4xx_hal_eth.o
                0x080106c4                HAL_ETH_Stop
 .text.prvWriteMACFCR
                0x08010724       0x30 avianFreeRTOSPaho THUMB Debug/stm32f4xx_hal_eth.o
 .text.prvWriteDMAOMR
                0x08010754       0x40 avianFreeRTOSPaho THUMB Debug/stm32f4xx_hal_eth.o
 .text.prvWriteMACCR
                0x08010794       0x30 avianFreeRTOSPaho THUMB Debug/stm32f4xx_hal_eth.o
 .text.HAL_ETH_ConfigMAC
                0x080107c4      0x1b0 avianFreeRTOSPaho THUMB Debug/stm32f4xx_hal_eth.o
                0x080107c4                HAL_ETH_ConfigMAC
 .text.ETH_MACDMAConfig
                0x08010974      0x330 avianFreeRTOSPaho THUMB Debug/stm32f4xx_hal_eth.o
 .text.ETH_MACAddressConfig
                0x08010ca4       0x74 avianFreeRTOSPaho THUMB Debug/stm32f4xx_hal_eth.o
 .text.ETH_MACTransmissionEnable
                0x08010d18       0x24 avianFreeRTOSPaho THUMB Debug/stm32f4xx_hal_eth.o
 .text.ETH_MACTransmissionDisable
                0x08010d3c       0x24 avianFreeRTOSPaho THUMB Debug/stm32f4xx_hal_eth.o
 .text.ETH_MACReceptionEnable
                0x08010d60       0x28 avianFreeRTOSPaho THUMB Debug/stm32f4xx_hal_eth.o
 .text.ETH_MACReceptionDisable
                0x08010d88       0x28 avianFreeRTOSPaho THUMB Debug/stm32f4xx_hal_eth.o
 .text.ETH_DMATransmissionEnable
                0x08010db0       0x2c avianFreeRTOSPaho THUMB Debug/stm32f4xx_hal_eth.o
 .text.ETH_DMATransmissionDisable
                0x08010ddc       0x2c avianFreeRTOSPaho THUMB Debug/stm32f4xx_hal_eth.o
 .text.ETH_DMAReceptionEnable
                0x08010e08       0x2c avianFreeRTOSPaho THUMB Debug/stm32f4xx_hal_eth.o
 .text.ETH_DMAReceptionDisable
                0x08010e34       0x2c avianFreeRTOSPaho THUMB Debug/stm32f4xx_hal_eth.o
 .text.ETH_FlushTransmitFIFO
                0x08010e60       0x2c avianFreeRTOSPaho THUMB Debug/stm32f4xx_hal_eth.o
 .text.HAL_GPIO_Init
                0x08010e8c      0x334 avianFreeRTOSPaho THUMB Debug/stm32f4xx_hal_gpio.o
                0x08010e8c                HAL_GPIO_Init
 .text.HAL_GPIO_TogglePin
                0x080111c0       0x24 avianFreeRTOSPaho THUMB Debug/stm32f4xx_hal_gpio.o
                0x080111c0                HAL_GPIO_TogglePin
 .text.HAL_GPIO_EXTI_IRQHandler
                0x080111e4       0x30 avianFreeRTOSPaho THUMB Debug/stm32f4xx_hal_gpio.o
                0x080111e4                HAL_GPIO_EXTI_IRQHandler
 .text.HAL_RCC_OscConfig
                0x08011214      0x488 avianFreeRTOSPaho THUMB Debug/stm32f4xx_hal_rcc.o
                0x08011214                HAL_RCC_OscConfig
 .text.HAL_RCC_ClockConfig
                0x0801169c      0x2ac avianFreeRTOSPaho THUMB Debug/stm32f4xx_hal_rcc.o
                0x0801169c                HAL_RCC_ClockConfig
 .text.HAL_RCC_MCOConfig
                0x08011948       0xb0 avianFreeRTOSPaho THUMB Debug/stm32f4xx_hal_rcc.o
                0x08011948                HAL_RCC_MCOConfig
 .text.HAL_RCC_GetSysClockFreq
                0x080119f8       0xfc avianFreeRTOSPaho THUMB Debug/stm32f4xx_hal_rcc.o
                0x080119f8                HAL_RCC_GetSysClockFreq
 .text.HAL_RCC_GetHCLKFreq
                0x08011af4       0x50 avianFreeRTOSPaho THUMB Debug/stm32f4xx_hal_rcc.o
                0x08011af4                HAL_RCC_GetHCLKFreq
 .text.HAL_RCCEx_PeriphCLKConfig
                0x08011b44      0x1c0 avianFreeRTOSPaho THUMB Debug/stm32f4xx_hal_rcc_ex.o
                0x08011b44                HAL_RCCEx_PeriphCLKConfig
 .text.HAL_RNG_Init
                0x08011d04       0x60 avianFreeRTOSPaho THUMB Debug/stm32f4xx_hal_rng.o
                0x08011d04                HAL_RNG_Init
 .text.HAL_RNG_MspInit
                0x08011d64       0x14 avianFreeRTOSPaho THUMB Debug/stm32f4xx_hal_rng.o
                0x08011d64                HAL_RNG_MspInit
 .text.HAL_RNG_GenerateRandomNumber
                0x08011d78       0x98 avianFreeRTOSPaho THUMB Debug/stm32f4xx_hal_rng.o
                0x08011d78                HAL_RNG_GenerateRandomNumber
 .text.HAL_SD_IRQHandler
                0x08011e10      0x104 avianFreeRTOSPaho THUMB Debug/stm32f4xx_hal_sd.o
                0x08011e10                HAL_SD_IRQHandler
 .text.HAL_SD_XferCpltCallback
                0x08011f14       0x14 avianFreeRTOSPaho THUMB Debug/stm32f4xx_hal_sd.o
                0x08011f14                HAL_SD_XferCpltCallback
 .text.HAL_SD_XferErrorCallback
                0x08011f28       0x14 avianFreeRTOSPaho THUMB Debug/stm32f4xx_hal_sd.o
                0x08011f28                HAL_SD_XferErrorCallback
 .text.HAL_TIM_Base_Init
                0x08011f3c       0x50 avianFreeRTOSPaho THUMB Debug/stm32f4xx_hal_tim.o
                0x08011f3c                HAL_TIM_Base_Init
 .text.HAL_TIM_Base_MspInit
                0x08011f8c       0x14 avianFreeRTOSPaho THUMB Debug/stm32f4xx_hal_tim.o
                0x08011f8c                HAL_TIM_Base_MspInit
 .text.HAL_TIM_Base_Start_IT
                0x08011fa0       0x38 avianFreeRTOSPaho THUMB Debug/stm32f4xx_hal_tim.o
                0x08011fa0                HAL_TIM_Base_Start_IT
 .text.TIM_Base_SetConfig
                0x08011fd8      0x154 avianFreeRTOSPaho THUMB Debug/stm32f4xx_hal_tim.o
                0x08011fd8                TIM_Base_SetConfig
 .text.TIM2_IRQHandler
                0x0801212c       0x44 avianFreeRTOSPaho THUMB Debug/hr_gettime.o
                0x0801212c                TIM2_IRQHandler
 .text.vStartHighResolutionTimer
                0x08012170       0x7c avianFreeRTOSPaho THUMB Debug/hr_gettime.o
                0x08012170                vStartHighResolutionTimer
 .text.ullGetHighResolutionTime
                0x080121ec       0xcc avianFreeRTOSPaho THUMB Debug/hr_gettime.o
                0x080121ec                ullGetHighResolutionTime
 .text.stdioGET_ERRNO
                0x080122b8       0x1c avianFreeRTOSPaho THUMB Debug/main.o
 .text.stdioGET_FF_ERROR
                0x080122d4       0x1c avianFreeRTOSPaho THUMB Debug/main.o
 .text.main     0x080122f0       0x40 avianFreeRTOSPaho THUMB Debug/main.o
                0x080122f0                main
 .text.vApplicationIdleHook
                0x08012330       0x50 avianFreeRTOSPaho THUMB Debug/main.o
                0x08012330                vApplicationIdleHook
 .text.vAssertCalled
                0x08012380       0x90 avianFreeRTOSPaho THUMB Debug/main.o
                0x08012380                vAssertCalled
 .text.prvConfigureClocks
                0x08012410       0xa4 avianFreeRTOSPaho THUMB Debug/main.o
 .text.prvMiscInitialisation
                0x080124b4       0xc0 avianFreeRTOSPaho THUMB Debug/main.o
 .text.vApplicationCardDetectChangeHookFromISR
                0x08012574       0x14 avianFreeRTOSPaho THUMB Debug/main.o
                0x08012574                vApplicationCardDetectChangeHookFromISR
 .text.vApplicationIPNetworkEventHook
                0x08012588      0x134 avianFreeRTOSPaho THUMB Debug/main.o
                0x08012588                vApplicationIPNetworkEventHook
 .text.vApplicationMallocFailedHook
                0x080126bc       0x1c avianFreeRTOSPaho THUMB Debug/main.o
                0x080126bc                vApplicationMallocFailedHook
 .text.vApplicationStackOverflowHook
                0x080126d8       0x20 avianFreeRTOSPaho THUMB Debug/main.o
                0x080126d8                vApplicationStackOverflowHook
 .text.uxRand   0x080126f8       0x74 avianFreeRTOSPaho THUMB Debug/main.o
                0x080126f8                uxRand
 .text.prvSRand
                0x0801276c       0x20 avianFreeRTOSPaho THUMB Debug/main.o
 .text.vApplicationPingReplyHook
                0x0801278c       0x1c avianFreeRTOSPaho THUMB Debug/main.o
                0x0801278c                vApplicationPingReplyHook
 .text.prvInitialiseHeap
                0x080127a8       0x48 avianFreeRTOSPaho THUMB Debug/main.o
 .text.vOutputChar
                0x080127f0       0x18 avianFreeRTOSPaho THUMB Debug/main.o
                0x080127f0                vOutputChar
 .text.pcApplicationHostnameHook
                0x08012808       0x14 avianFreeRTOSPaho THUMB Debug/main.o
                0x08012808                pcApplicationHostnameHook
 .text.xApplicationDNSQueryHook
                0x0801281c       0x48 avianFreeRTOSPaho THUMB Debug/main.o
                0x0801281c                xApplicationDNSQueryHook
 .text.xGetRunTimeCounterValue
                0x08012864       0x20 avianFreeRTOSPaho THUMB Debug/main.o
                0x08012864                xGetRunTimeCounterValue
 .text.vApplicationTickHook
                0x08012884        0xc avianFreeRTOSPaho THUMB Debug/main.o
                0x08012884                vApplicationTickHook
 .text.HAL_ETH_MspInit
                0x08012890      0x170 avianFreeRTOSPaho THUMB Debug/main.o
                0x08012890                HAL_ETH_MspInit
 .text.libc.__int64_udivmod
                0x08012a00       0x60 /Applications/CrossWorks for ARM 3.7/lib/libc_v7em_fpv4_sp_d16_hard_t_le_eabi.a(libc_asm.o)
                0x08012a00                __int64_udivmod
                0x08012a00                __aeabi_uldivmod
                0x08012a00                __int64_udiv
                0x08012a00                __udivdi3
 .text.libc.memcmp
                0x08012a60       0x3c /Applications/CrossWorks for ARM 3.7/lib/libc_v7em_fpv4_sp_d16_hard_t_le_eabi.a(libc2.o)
                0x08012a60                memcmp
 .text.libc.memmove
                0x08012a9c       0x38 /Applications/CrossWorks for ARM 3.7/lib/libc_v7em_fpv4_sp_d16_hard_t_le_eabi.a(libc2.o)
                0x08012a9c                memmove
                0x08012a9c                __aeabi_memmove8
                0x08012a9c                __aeabi_memmove
                0x08012a9c                __aeabi_memmove4
 .text.libc.strncmp
                0x08012ad4       0x40 /Applications/CrossWorks for ARM 3.7/lib/libc_v7em_fpv4_sp_d16_hard_t_le_eabi.a(libc2.o)
                0x08012ad4                strncmp
 .text.libc.strncpy
                0x08012b14       0x40 /Applications/CrossWorks for ARM 3.7/lib/libc_v7em_fpv4_sp_d16_hard_t_le_eabi.a(libc2.o)
                0x08012b14                strncpy
 .text.libc.strrchr
                0x08012b54       0x34 /Applications/CrossWorks for ARM 3.7/lib/libc_v7em_fpv4_sp_d16_hard_t_le_eabi.a(libc2.o)
                0x08012b54                strrchr
 .text.libc.memcpy
                0x08012b88       0x3c /Applications/CrossWorks for ARM 3.7/lib/libc_v7em_fpv4_sp_d16_hard_t_le_eabi.a(libc2_asm.o)
                0x08012b88                memcpy
                0x08012b88                __aeabi_memcpy
                0x08012b88                __aeabi_memcpy4
                0x08012b88                __aeabi_memcpy8
 .text.libc.memset
                0x08012bc4       0x60 /Applications/CrossWorks for ARM 3.7/lib/libc_v7em_fpv4_sp_d16_hard_t_le_eabi.a(libc2_asm.o)
                0x08012bc4                memset
 .text.libc.strlen
                0x08012c24       0x60 /Applications/CrossWorks for ARM 3.7/lib/libc_v7em_fpv4_sp_d16_hard_t_le_eabi.a(libc2_asm.o)
                0x08012c24                strlen
                0x08012c84                __text_end__ = (__text_start__ + SIZEOF (.text))
                0x00012890                __text_size__ = SIZEOF (.text)
                0x08012c84                __text_load_end__ = __text_end__

.vfp11_veneer   0x00000000        0x0
 .vfp11_veneer  0x00000000        0x0 linker stubs

.v4_bx          0x00000000        0x0
 .v4_bx         0x00000000        0x0 linker stubs

.iplt           0x00000000        0x0
 .iplt          0x00000000        0x0 avianFreeRTOSPaho THUMB Debug/croutine.o
                0x00000001                . = ASSERT (((__text_start__ == __text_end__) || ((__text_end__ >= __FLASH_segment_start__) && (__text_end__ <= __FLASH_segment_end__))), error: .text is too large to fit in FLASH memory segment)
                0x08012c84                __dtors_load_start__ = ALIGN (__text_end__, 0x4)

.dtors          0x08012c84        0x0
                0x08012c84                __dtors_start__ = .
 *(SORT(.dtors.*))
 *(.dtors)
 *(.fini_array)
 *(SORT(.fini_array.*))
                0x08012c84                __dtors_end__ = (__dtors_start__ + SIZEOF (.dtors))
                0x00000000                __dtors_size__ = SIZEOF (.dtors)
                0x08012c84                __dtors_load_end__ = __dtors_end__
                0x00000001                . = ASSERT (((__dtors_start__ == __dtors_end__) || ((__dtors_end__ >= __FLASH_segment_start__) && (__dtors_end__ <= __FLASH_segment_end__))), error: .dtors is too large to fit in FLASH memory segment)
                0x08012c84                __ctors_load_start__ = ALIGN (__dtors_end__, 0x4)

.ctors          0x08012c84        0x0
                0x08012c84                __ctors_start__ = .
 *(SORT(.ctors.*))
 *(.ctors)
 *(.init_array)
 *(SORT(.init_array.*))
                0x08012c84                __ctors_end__ = (__ctors_start__ + SIZEOF (.ctors))
                0x00000000                __ctors_size__ = SIZEOF (.ctors)
                0x08012c84                __ctors_load_end__ = __ctors_end__
                0x00000001                . = ASSERT (((__ctors_start__ == __ctors_end__) || ((__ctors_end__ >= __FLASH_segment_start__) && (__ctors_end__ <= __FLASH_segment_end__))), error: .ctors is too large to fit in FLASH memory segment)
                0x08012c84                __rodata_load_start__ = ALIGN (__ctors_end__, 0x4)

.rodata         0x08012c84      0xd5e
                0x08012c84                __rodata_start__ = .
 *(.rodata .rodata.* .gnu.linkonce.r.*)
 .rodata        0x08012c84       0x4e avianFreeRTOSPaho THUMB Debug/event_groups.o
 *fill*         0x08012cd2        0x2 
 .rodata        0x08012cd4       0x47 avianFreeRTOSPaho THUMB Debug/queue.o
 *fill*         0x08012d1b        0x1 
 .rodata        0x08012d1c       0x78 avianFreeRTOSPaho THUMB Debug/tasks.o
 .rodata        0x08012d94       0x48 avianFreeRTOSPaho THUMB Debug/heap_5.o
 .rodata        0x08012ddc       0x46 avianFreeRTOSPaho THUMB Debug/port.o
 *fill*         0x08012e22        0x2 
 .rodata.xBufferAllocFixedSize
                0x08012e24        0x4 avianFreeRTOSPaho THUMB Debug/BufferAllocation_2.o
                0x08012e24                xBufferAllocFixedSize
 .rodata        0x08012e28       0x5e avianFreeRTOSPaho THUMB Debug/BufferAllocation_2.o
 *fill*         0x08012e86        0x2 
 .rodata.xLLMNR_MACAddress
                0x08012e88        0x6 avianFreeRTOSPaho THUMB Debug/NetworkInterface.o
 *fill*         0x08012e8e        0x2 
 .rodata        0x08012e90      0x1b7 avianFreeRTOSPaho THUMB Debug/NetworkInterface.o
 *fill*         0x08013047        0x1 
 .rodata.xDefaultPartARPPacketHeader
                0x08013048       0x26 avianFreeRTOSPaho THUMB Debug/FreeRTOS_ARP.o
 *fill*         0x0801306e        0x2 
 .rodata        0x08013070       0x1b avianFreeRTOSPaho THUMB Debug/FreeRTOS_DHCP.o
 *fill*         0x0801308b        0x1 
 .rodata.ucDHCPRequestOptions.5706
                0x0801308c       0x18 avianFreeRTOSPaho THUMB Debug/FreeRTOS_DHCP.o
 .rodata.ucDHCPDiscoverOptions.5713
                0x080130a4       0x11 avianFreeRTOSPaho THUMB Debug/FreeRTOS_DHCP.o
 *fill*         0x080130b5        0x3 
 .rodata.xLLMNR_MacAdress
                0x080130b8        0x6 avianFreeRTOSPaho THUMB Debug/FreeRTOS_DNS.o
                0x080130b8                xLLMNR_MacAdress
 *fill*         0x080130be        0x2 
 .rodata.xBroadcastMACAddress
                0x080130c0        0x6 avianFreeRTOSPaho THUMB Debug/FreeRTOS_IP.o
                0x080130c0                xBroadcastMACAddress
 *fill*         0x080130c6        0x2 
 .rodata        0x080130c8       0x60 avianFreeRTOSPaho THUMB Debug/FreeRTOS_IP.o
 .rodata.xNetworkDownEvent.5872
                0x08013128        0x8 avianFreeRTOSPaho THUMB Debug/FreeRTOS_IP.o
 .rodata        0x08013130      0x13b avianFreeRTOSPaho THUMB Debug/FreeRTOS_Sockets.o
 *fill*         0x0801326b        0x1 
 .rodata        0x0801326c      0x12e avianFreeRTOSPaho THUMB Debug/FreeRTOS_TCP_IP.o
 *fill*         0x0801339a        0x2 
 .rodata        0x0801339c       0x52 avianFreeRTOSPaho THUMB Debug/FreeRTOS_TCP_WIN.o
 *fill*         0x080133ee        0x2 
 .rodata        0x080133f0       0x83 avianFreeRTOSPaho THUMB Debug/UDPLoggingPrintf.o
 *fill*         0x08013473        0x1 
 .rodata        0x08013474       0x41 avianFreeRTOSPaho THUMB Debug/printf-stdarg.o
 *fill*         0x080134b5        0x3 
 .rodata        0x080134b8      0x395 avianFreeRTOSPaho THUMB Debug/DemoIPTrace.o
 *fill*         0x0801384d        0x3 
 .rodata        0x08013850       0x73 avianFreeRTOSPaho THUMB Debug/SimpleTCPEchoServer.o
 *fill*         0x080138c3        0x1 
 .rodata.xReceiveTimeOut.5084
                0x080138c4        0x4 avianFreeRTOSPaho THUMB Debug/SimpleTCPEchoServer.o
 .rodata.xReceiveTimeOut.5095
                0x080138c8        0x4 avianFreeRTOSPaho THUMB Debug/SimpleTCPEchoServer.o
 .rodata.xSendTimeOut.5096
                0x080138cc        0x4 avianFreeRTOSPaho THUMB Debug/SimpleTCPEchoServer.o
 .rodata        0x080138d0       0x1e avianFreeRTOSPaho THUMB Debug/stm32f4xx_hal_eth.o
 *fill*         0x080138ee        0x2 
 .rodata.APBAHBPrescTable
                0x080138f0       0x10 avianFreeRTOSPaho THUMB Debug/stm32f4xx_hal_rcc.o
                0x080138f0                APBAHBPrescTable
 .rodata.ucIPAddress
                0x08013900        0x4 avianFreeRTOSPaho THUMB Debug/main.o
 .rodata.ucNetMask
                0x08013904        0x4 avianFreeRTOSPaho THUMB Debug/main.o
 .rodata.ucGatewayAddress
                0x08013908        0x4 avianFreeRTOSPaho THUMB Debug/main.o
 .rodata.ucDNSServerAddress
                0x0801390c        0x4 avianFreeRTOSPaho THUMB Debug/main.o
 .rodata.ucMACAddress
                0x08013910        0x6 avianFreeRTOSPaho THUMB Debug/main.o
                0x08013910                ucMACAddress
 *fill*         0x08013916        0x2 
 .rodata        0x08013918       0xca avianFreeRTOSPaho THUMB Debug/main.o
                0x080139e2                __rodata_end__ = (__rodata_start__ + SIZEOF (.rodata))
                0x00000d5e                __rodata_size__ = SIZEOF (.rodata)
                0x080139e2                __rodata_load_end__ = __rodata_end__

.rel.dyn        0x08000000        0x0
 .rel.iplt      0x08000000        0x0 avianFreeRTOSPaho THUMB Debug/croutine.o
                0x00000001                . = ASSERT (((__rodata_start__ == __rodata_end__) || ((__rodata_end__ >= __FLASH_segment_start__) && (__rodata_end__ <= __FLASH_segment_end__))), error: .rodata is too large to fit in FLASH memory segment)
                0x080139e4                __ARM.exidx_load_start__ = ALIGN (__rodata_end__, 0x4)

.ARM.exidx      0x080139e4        0x0
                0x080139e4                __ARM.exidx_start__ = .
                0x080139e4                __exidx_start = __ARM.exidx_start__
 *(.ARM.exidx .ARM.exidx.*)
                0x080139e4                __ARM.exidx_end__ = (__ARM.exidx_start__ + SIZEOF (.ARM.exidx))
                0x00000000                __ARM.exidx_size__ = SIZEOF (.ARM.exidx)
                0x080139e4                __exidx_end = __ARM.exidx_end__
                0x080139e4                __ARM.exidx_load_end__ = __ARM.exidx_end__
                0x00000001                . = ASSERT (((__ARM.exidx_start__ == __ARM.exidx_end__) || ((__ARM.exidx_end__ >= __FLASH_segment_start__) && (__ARM.exidx_end__ <= __FLASH_segment_end__))), error: .ARM.exidx is too large to fit in FLASH memory segment)
                0x080139e4                __fast_load_start__ = ALIGN (__ARM.exidx_end__, 0x4)

.fast           0x20000000        0x0 load address 0x080139e4
                0x20000000                __fast_start__ = .
 *(.fast .fast.*)
                0x20000000                __fast_end__ = (__fast_start__ + SIZEOF (.fast))
                0x00000000                __fast_size__ = SIZEOF (.fast)
                0x080139e4                __fast_load_end__ = (__fast_load_start__ + SIZEOF (.fast))
                0x00000001                . = ASSERT (((__fast_load_start__ == __fast_load_end__) || ((__fast_load_end__ >= __FLASH_segment_start__) && (__fast_load_end__ <= __FLASH_segment_end__))), error: .fast is too large to fit in FLASH memory segment)

.fast_run       0x20000000        0x0
                0x20000000                __fast_run_start__ = .
                0x20000000                . = MAX ((__fast_run_start__ + SIZEOF (.fast)), .)
                0x20000000                __fast_run_end__ = (__fast_run_start__ + SIZEOF (.fast_run))
                0x00000000                __fast_run_size__ = SIZEOF (.fast_run)
                0x20000000                __fast_run_load_end__ = __fast_run_end__
                0x00000001                . = ASSERT (((__fast_run_start__ == __fast_run_end__) || ((__fast_run_end__ >= __RAM_segment_start__) && (__fast_run_end__ <= __RAM_segment_end__))), error: .fast_run is too large to fit in RAM memory segment)
                0x080139e4                __data_load_start__ = ALIGN ((__fast_load_start__ + SIZEOF (.fast)), 0x4)

.data           0x20000000      0x194 load address 0x080139e4
                0x20000000                __data_start__ = .
 *(.data .data.* .gnu.linkonce.d.*)
 .data.uxCriticalNesting
                0x20000000        0x4 avianFreeRTOSPaho THUMB Debug/port.o
 .data.pcStateNames
                0x20000004       0x34 avianFreeRTOSPaho THUMB Debug/FreeRTOS_TCP_IP.o
 .data.xDefaultPartUDPPacketHeader
                0x20000038       0x18 avianFreeRTOSPaho THUMB Debug/FreeRTOS_UDP_IP.o
                0x20000038                xDefaultPartUDPPacketHeader
 .data.xIPTraceValues
                0x20000050      0x140 avianFreeRTOSPaho THUMB Debug/DemoIPTrace.o
                0x20000050                xIPTraceValues
 .data.SystemCoreClock
                0x20000190        0x4 avianFreeRTOSPaho THUMB Debug/system_stm32f4xx.o
                0x20000190                SystemCoreClock
                0x20000194                __data_end__ = (__data_start__ + SIZEOF (.data))
                0x00000194                __data_size__ = SIZEOF (.data)
                0x08013b78                __data_load_end__ = (__data_load_start__ + SIZEOF (.data))

.igot.plt       0x00000000        0x0
 .igot.plt      0x00000000        0x0 avianFreeRTOSPaho THUMB Debug/croutine.o
                0x00000001                . = ASSERT (((__data_load_start__ == __data_load_end__) || ((__data_load_end__ >= __FLASH_segment_start__) && (__data_load_end__ <= __FLASH_segment_end__))), error: .data is too large to fit in FLASH memory segment)

.data_run       0x20000000      0x194 load address 0x080139e4
                0x20000000                __data_run_start__ = .
                0x20000194                . = MAX ((__data_run_start__ + SIZEOF (.data)), .)
 *fill*         0x20000000      0x194 
                0x20000194                __data_run_end__ = (__data_run_start__ + SIZEOF (.data_run))
                0x00000194                __data_run_size__ = SIZEOF (.data_run)
                0x20000194                __data_run_load_end__ = __data_run_end__
                0x00000001                . = ASSERT (((__data_run_start__ == __data_run_end__) || ((__data_run_end__ >= __RAM_segment_start__) && (__data_run_end__ <= __RAM_segment_end__))), error: .data_run is too large to fit in RAM memory segment)
                0x08013b78                __tdata_load_start__ = ALIGN ((__data_load_start__ + SIZEOF (.data)), 0x4)

.tdata          0x20000194        0x0 load address 0x08013b78
                0x20000194                __tdata_start__ = .
 *(.tdata .tdata.*)
                0x20000194                __tdata_end__ = (__tdata_start__ + SIZEOF (.tdata))
                0x00000000                __tdata_size__ = SIZEOF (.tdata)
                0x08013b78                __tdata_load_end__ = (__tdata_load_start__ + SIZEOF (.tdata))
                0x08013b78                __FLASH_segment_used_end__ = (ALIGN ((__data_load_start__ + SIZEOF (.data)), 0x4) + SIZEOF (.tdata))
                0x00013b78                __FLASH_segment_used_size__ = (__FLASH_segment_used_end__ - __FLASH_segment_start__)
                0x00000001                . = ASSERT (((__tdata_load_start__ == __tdata_load_end__) || ((__tdata_load_end__ >= __FLASH_segment_start__) && (__tdata_load_end__ <= __FLASH_segment_end__))), error: .tdata is too large to fit in FLASH memory segment)

.tdata_run      0x20000194        0x0
                0x20000194                __tdata_run_start__ = .
                0x20000194                . = MAX ((__tdata_run_start__ + SIZEOF (.tdata)), .)
                0x20000194                __tdata_run_end__ = (__tdata_run_start__ + SIZEOF (.tdata_run))
                0x00000000                __tdata_run_size__ = SIZEOF (.tdata_run)
                0x20000194                __tdata_run_load_end__ = __tdata_run_end__
                0x00000001                . = ASSERT (((__tdata_run_start__ == __tdata_run_end__) || ((__tdata_run_end__ >= __RAM_segment_start__) && (__tdata_run_end__ <= __RAM_segment_end__))), error: .tdata_run is too large to fit in RAM memory segment)
                0x20000194                __bss_load_start__ = ALIGN (__tdata_run_end__, 0x4)

.bss            0x20000194     0x2d9c
                0x20000194                __bss_start__ = .
 *(.bss .bss.* .gnu.linkonce.b.*)
 .bss.xQueueRegistry
                0x20000194       0x40 avianFreeRTOSPaho THUMB Debug/queue.o
                0x20000194                xQueueRegistry
 .bss.pxCurrentTCB
                0x200001d4        0x4 avianFreeRTOSPaho THUMB Debug/tasks.o
                0x200001d4                pxCurrentTCB
 .bss.pxReadyTasksLists
                0x200001d8       0x8c avianFreeRTOSPaho THUMB Debug/tasks.o
 .bss.xDelayedTaskList1
                0x20000264       0x14 avianFreeRTOSPaho THUMB Debug/tasks.o
 .bss.xDelayedTaskList2
                0x20000278       0x14 avianFreeRTOSPaho THUMB Debug/tasks.o
 .bss.pxDelayedTaskList
                0x2000028c        0x4 avianFreeRTOSPaho THUMB Debug/tasks.o
 .bss.pxOverflowDelayedTaskList
                0x20000290        0x4 avianFreeRTOSPaho THUMB Debug/tasks.o
 .bss.xPendingReadyList
                0x20000294       0x14 avianFreeRTOSPaho THUMB Debug/tasks.o
 .bss.xTasksWaitingTermination
                0x200002a8       0x14 avianFreeRTOSPaho THUMB Debug/tasks.o
 .bss.uxDeletedTasksWaitingCleanUp
                0x200002bc        0x4 avianFreeRTOSPaho THUMB Debug/tasks.o
 .bss.xSuspendedTaskList
                0x200002c0       0x14 avianFreeRTOSPaho THUMB Debug/tasks.o
 .bss.uxCurrentNumberOfTasks
                0x200002d4        0x4 avianFreeRTOSPaho THUMB Debug/tasks.o
 .bss.xTickCount
                0x200002d8        0x4 avianFreeRTOSPaho THUMB Debug/tasks.o
 .bss.uxTopReadyPriority
                0x200002dc        0x4 avianFreeRTOSPaho THUMB Debug/tasks.o
 .bss.xSchedulerRunning
                0x200002e0        0x4 avianFreeRTOSPaho THUMB Debug/tasks.o
 .bss.uxPendedTicks
                0x200002e4        0x4 avianFreeRTOSPaho THUMB Debug/tasks.o
 .bss.xYieldPending
                0x200002e8        0x4 avianFreeRTOSPaho THUMB Debug/tasks.o
 .bss.xNumOfOverflows
                0x200002ec        0x4 avianFreeRTOSPaho THUMB Debug/tasks.o
 .bss.uxTaskNumber
                0x200002f0        0x4 avianFreeRTOSPaho THUMB Debug/tasks.o
 .bss.xNextTaskUnblockTime
                0x200002f4        0x4 avianFreeRTOSPaho THUMB Debug/tasks.o
 .bss.xIdleTaskHandle
                0x200002f8        0x4 avianFreeRTOSPaho THUMB Debug/tasks.o
 .bss.uxSchedulerSuspended
                0x200002fc        0x4 avianFreeRTOSPaho THUMB Debug/tasks.o
 .bss.ulTaskSwitchedInTime
                0x20000300        0x4 avianFreeRTOSPaho THUMB Debug/tasks.o
 .bss.ulTotalRunTime
                0x20000304        0x4 avianFreeRTOSPaho THUMB Debug/tasks.o
 .bss.xStart    0x20000308        0x8 avianFreeRTOSPaho THUMB Debug/heap_5.o
 .bss.pxEnd     0x20000310        0x4 avianFreeRTOSPaho THUMB Debug/heap_5.o
 .bss.xFreeBytesRemaining
                0x20000314        0x4 avianFreeRTOSPaho THUMB Debug/heap_5.o
 .bss.xMinimumEverFreeBytesRemaining
                0x20000318        0x4 avianFreeRTOSPaho THUMB Debug/heap_5.o
 .bss.xBlockAllocatedBit
                0x2000031c        0x4 avianFreeRTOSPaho THUMB Debug/heap_5.o
 .bss.ucMaxSysCallPriority
                0x20000320        0x1 avianFreeRTOSPaho THUMB Debug/port.o
 *fill*         0x20000321        0x3 
 .bss.ulMaxPRIGROUPValue
                0x20000324        0x4 avianFreeRTOSPaho THUMB Debug/port.o
 .bss.xSDCardSemaphore
                0x20000328        0x4 avianFreeRTOSPaho THUMB Debug/ff_sddisk.o
 .bss.xSDHandle
                0x2000032c       0x68 avianFreeRTOSPaho THUMB Debug/ff_sddisk.o
 .bss.xFreeBuffersList
                0x20000394       0x14 avianFreeRTOSPaho THUMB Debug/BufferAllocation_2.o
 .bss.uxMinimumFreeNetworkBuffers
                0x200003a8        0x4 avianFreeRTOSPaho THUMB Debug/BufferAllocation_2.o
 .bss.xNetworkBufferDescriptors
                0x200003ac      0x384 avianFreeRTOSPaho THUMB Debug/BufferAllocation_2.o
 .bss.xNetworkBufferSemaphore
                0x20000730        0x4 avianFreeRTOSPaho THUMB Debug/BufferAllocation_2.o
 .bss.ulISREvents
                0x20000734        0x4 avianFreeRTOSPaho THUMB Debug/NetworkInterface.o
 .bss.ulPHYLinkStatus
                0x20000738        0x4 avianFreeRTOSPaho THUMB Debug/NetworkInterface.o
 .bss.xETH      0x2000073c       0x48 avianFreeRTOSPaho THUMB Debug/NetworkInterface.o
 .bss.ulBCRvalue
                0x20000784        0x4 avianFreeRTOSPaho THUMB Debug/NetworkInterface.o
 .bss.ulACRValue
                0x20000788        0x4 avianFreeRTOSPaho THUMB Debug/NetworkInterface.o
 .bss.xEMACTaskHandle
                0x2000078c        0x4 avianFreeRTOSPaho THUMB Debug/NetworkInterface.o
 .bss.DMARxDscrTab
                0x20000790       0x80 avianFreeRTOSPaho THUMB Debug/NetworkInterface.o
                0x20000790                DMARxDscrTab
 .bss.DMATxDscrTab
                0x20000810       0x40 avianFreeRTOSPaho THUMB Debug/NetworkInterface.o
                0x20000810                DMATxDscrTab
 .bss.Rx_Buff   0x20000850     0x17d0 avianFreeRTOSPaho THUMB Debug/NetworkInterface.o
                0x20000850                Rx_Buff
 .bss.Tx_Buff   0x20002020      0xbe8 avianFreeRTOSPaho THUMB Debug/NetworkInterface.o